[2026-04-28T02:53:19.849+0000] {taskinstance.py:1956} INFO - Dependencies all met for dep_context=non-requeueable deps ti=<TaskInstance: energy_pipeline.preprocessing manual__2026-04-28T02:52:58.632782+00:00 [queued]>
[2026-04-28T02:53:19.854+0000] {taskinstance.py:1956} INFO - Dependencies all met for dep_context=requeueable deps ti=<TaskInstance: energy_pipeline.preprocessing manual__2026-04-28T02:52:58.632782+00:00 [queued]>
[2026-04-28T02:53:19.854+0000] {taskinstance.py:2170} INFO - Starting attempt 1 of 1
[2026-04-28T02:53:19.864+0000] {taskinstance.py:2191} INFO - Executing <Task(BashOperator): preprocessing> on 2026-04-28 02:52:58.632782+00:00
[2026-04-28T02:53:19.870+0000] {standard_task_runner.py:60} INFO - Started process 550 to run task
[2026-04-28T02:53:19.873+0000] {standard_task_runner.py:87} INFO - Running: ['airflow', 'tasks', 'run', 'energy_pipeline', 'preprocessing', 'manual__2026-04-28T02:52:58.632782+00:00', '--job-id', '15', '--raw', '--subdir', 'DAGS_FOLDER/pipeline_dag.py', '--cfg-path', '/tmp/tmpvc1q3yqn']
[2026-04-28T02:53:19.875+0000] {standard_task_runner.py:88} INFO - Job 15: Subtask preprocessing
[2026-04-28T02:53:19.964+0000] {task_command.py:423} INFO - Running <TaskInstance: energy_pipeline.preprocessing manual__2026-04-28T02:52:58.632782+00:00 [running]> on host e2a4d77dd15e
[2026-04-28T02:53:20.010+0000] {taskinstance.py:2480} INFO - Exporting env vars: AIRFLOW_CTX_DAG_OWNER='airflow' AIRFLOW_CTX_DAG_ID='energy_pipeline' AIRFLOW_CTX_TASK_ID='preprocessing' AIRFLOW_CTX_EXECUTION_DATE='2026-04-28T02:52:58.632782+00:00' AIRFLOW_CTX_TRY_NUMBER='1' AIRFLOW_CTX_DAG_RUN_ID='manual__2026-04-28T02:52:58.632782+00:00'
[2026-04-28T02:53:20.011+0000] {subprocess.py:63} INFO - Tmp dir root location: /tmp
[2026-04-28T02:53:20.012+0000] {subprocess.py:75} INFO - Running command: ['/usr/bin/bash', '-c', 'python /opt/airflow/src/preprocessing.py']
[2026-04-28T02:53:20.020+0000] {subprocess.py:86} INFO - Output:
[2026-04-28T02:53:20.461+0000] {subprocess.py:93} INFO - 2026-04-28 02:53:20,461 - INFO - Loading data...
[2026-04-28T02:53:22.766+0000] {subprocess.py:93} INFO - 2026-04-28 02:53:22,766 - INFO - Initial shape: (2075259, 9)
[2026-04-28T02:53:31.568+0000] {subprocess.py:93} INFO - 2026-04-28 02:53:31,568 - INFO - Final shape after cleaning: (2075259, 7)
[2026-04-28T02:53:48.240+0000] {subprocess.py:93} INFO - 2026-04-28 02:53:48,240 - INFO - Saved cleaned data to /opt/airflow/data/processed/clean.csv
[2026-04-28T02:53:48.308+0000] {subprocess.py:97} INFO - Command exited with return code 0
[2026-04-28T02:53:48.325+0000] {taskinstance.py:1138} INFO - Marking task as SUCCESS. dag_id=energy_pipeline, task_id=preprocessing, execution_date=20260428T025258, start_date=20260428T025319, end_date=20260428T025348
[2026-04-28T02:53:48.339+0000] {local_task_job_runner.py:234} INFO - Task exited with return code 0
[2026-04-28T02:53:48.355+0000] {taskinstance.py:3280} INFO - 1 downstream tasks scheduled from follow-on schedule check
