[2026-04-28T02:49:49.844+0000] {taskinstance.py:1956} INFO - Dependencies all met for dep_context=non-requeueable deps ti=<TaskInstance: energy_pipeline.preprocessing manual__2026-04-28T02:49:27.051701+00:00 [queued]>
[2026-04-28T02:49:49.851+0000] {taskinstance.py:1956} INFO - Dependencies all met for dep_context=requeueable deps ti=<TaskInstance: energy_pipeline.preprocessing manual__2026-04-28T02:49:27.051701+00:00 [queued]>
[2026-04-28T02:49:49.852+0000] {taskinstance.py:2170} INFO - Starting attempt 1 of 1
[2026-04-28T02:49:49.864+0000] {taskinstance.py:2191} INFO - Executing <Task(BashOperator): preprocessing> on 2026-04-28 02:49:27.051701+00:00
[2026-04-28T02:49:49.869+0000] {standard_task_runner.py:60} INFO - Started process 369 to run task
[2026-04-28T02:49:49.873+0000] {standard_task_runner.py:87} INFO - Running: ['airflow', 'tasks', 'run', 'energy_pipeline', 'preprocessing', 'manual__2026-04-28T02:49:27.051701+00:00', '--job-id', '10', '--raw', '--subdir', 'DAGS_FOLDER/pipeline_dag.py', '--cfg-path', '/tmp/tmpqr_dvow6']
[2026-04-28T02:49:49.875+0000] {standard_task_runner.py:88} INFO - Job 10: Subtask preprocessing
[2026-04-28T02:49:49.916+0000] {task_command.py:423} INFO - Running <TaskInstance: energy_pipeline.preprocessing manual__2026-04-28T02:49:27.051701+00:00 [running]> on host e2a4d77dd15e
[2026-04-28T02:49:49.978+0000] {taskinstance.py:2480} INFO - Exporting env vars: AIRFLOW_CTX_DAG_OWNER='airflow' AIRFLOW_CTX_DAG_ID='energy_pipeline' AIRFLOW_CTX_TASK_ID='preprocessing' AIRFLOW_CTX_EXECUTION_DATE='2026-04-28T02:49:27.051701+00:00' AIRFLOW_CTX_TRY_NUMBER='1' AIRFLOW_CTX_DAG_RUN_ID='manual__2026-04-28T02:49:27.051701+00:00'
[2026-04-28T02:49:49.979+0000] {subprocess.py:63} INFO - Tmp dir root location: /tmp
[2026-04-28T02:49:49.980+0000] {subprocess.py:75} INFO - Running command: ['/usr/bin/bash', '-c', 'python /opt/airflow/src/preprocessing.py']
[2026-04-28T02:49:49.990+0000] {subprocess.py:86} INFO - Output:
[2026-04-28T02:49:50.456+0000] {subprocess.py:93} INFO - 2026-04-28 02:49:50,455 - INFO - Loading data...
[2026-04-28T02:49:50.456+0000] {subprocess.py:93} INFO - Traceback (most recent call last):
[2026-04-28T02:49:50.456+0000] {subprocess.py:93} INFO -   File "/opt/airflow/src/preprocessing.py", line 36, in <module>
[2026-04-28T02:49:50.457+0000] {subprocess.py:93} INFO -     preprocess("data/processed/raw_loaded.csv",
[2026-04-28T02:49:50.457+0000] {subprocess.py:93} INFO -   File "/opt/airflow/src/preprocessing.py", line 10, in preprocess
[2026-04-28T02:49:50.458+0000] {subprocess.py:93} INFO -     df = pd.read_csv(input_path, na_values=['?'], low_memory=False)
[2026-04-28T02:49:50.458+0000] {subprocess.py:93} INFO -          ^^^^^^^^^^^^^^^^^^^^^^^^^^^^^^^^^^^^^^^^^^^^^^^^^^^^^^^^^^
[2026-04-28T02:49:50.458+0000] {subprocess.py:93} INFO -   File "/home/airflow/.local/lib/python3.11/site-packages/pandas/io/parsers/readers.py", line 1026, in read_csv
[2026-04-28T02:49:50.459+0000] {subprocess.py:93} INFO -     return _read(filepath_or_buffer, kwds)
[2026-04-28T02:49:50.459+0000] {subprocess.py:93} INFO -            ^^^^^^^^^^^^^^^^^^^^^^^^^^^^^^^
[2026-04-28T02:49:50.459+0000] {subprocess.py:93} INFO -   File "/home/airflow/.local/lib/python3.11/site-packages/pandas/io/parsers/readers.py", line 620, in _read
[2026-04-28T02:49:50.460+0000] {subprocess.py:93} INFO -     parser = TextFileReader(filepath_or_buffer, **kwds)
[2026-04-28T02:49:50.460+0000] {subprocess.py:93} INFO -              ^^^^^^^^^^^^^^^^^^^^^^^^^^^^^^^^^^^^^^^^^^
[2026-04-28T02:49:50.460+0000] {subprocess.py:93} INFO -   File "/home/airflow/.local/lib/python3.11/site-packages/pandas/io/parsers/readers.py", line 1620, in __init__
[2026-04-28T02:49:50.460+0000] {subprocess.py:93} INFO -     self._engine = self._make_engine(f, self.engine)
[2026-04-28T02:49:50.461+0000] {subprocess.py:93} INFO -                    ^^^^^^^^^^^^^^^^^^^^^^^^^^^^^^^^^
[2026-04-28T02:49:50.461+0000] {subprocess.py:93} INFO -   File "/home/airflow/.local/lib/python3.11/site-packages/pandas/io/parsers/readers.py", line 1880, in _make_engine
[2026-04-28T02:49:50.461+0000] {subprocess.py:93} INFO -     self.handles = get_handle(
[2026-04-28T02:49:50.461+0000] {subprocess.py:93} INFO -                    ^^^^^^^^^^^
[2026-04-28T02:49:50.462+0000] {subprocess.py:93} INFO -   File "/home/airflow/.local/lib/python3.11/site-packages/pandas/io/common.py", line 873, in get_handle
[2026-04-28T02:49:50.462+0000] {subprocess.py:93} INFO -     handle = open(
[2026-04-28T02:49:50.462+0000] {subprocess.py:93} INFO -              ^^^^^
[2026-04-28T02:49:50.462+0000] {subprocess.py:93} INFO - FileNotFoundError: [Errno 2] No such file or directory: 'data/processed/raw_loaded.csv'
[2026-04-28T02:49:50.530+0000] {subprocess.py:97} INFO - Command exited with return code 1
[2026-04-28T02:49:50.538+0000] {taskinstance.py:2698} ERROR - Task failed with exception
Traceback (most recent call last):
  File "/home/airflow/.local/lib/python3.11/site-packages/airflow/models/taskinstance.py", line 433, in _execute_task
    result = execute_callable(context=context, **execute_callable_kwargs)
             ^^^^^^^^^^^^^^^^^^^^^^^^^^^^^^^^^^^^^^^^^^^^^^^^^^^^^^^^^^^^
  File "/home/airflow/.local/lib/python3.11/site-packages/airflow/operators/bash.py", line 212, in execute
    raise AirflowException(
airflow.exceptions.AirflowException: Bash command failed. The command returned a non-zero exit code 1.
[2026-04-28T02:49:50.541+0000] {taskinstance.py:1138} INFO - Marking task as FAILED. dag_id=energy_pipeline, task_id=preprocessing, execution_date=20260428T024927, start_date=20260428T024949, end_date=20260428T024950
[2026-04-28T02:49:50.551+0000] {standard_task_runner.py:107} ERROR - Failed to execute job 10 for task preprocessing (Bash command failed. The command returned a non-zero exit code 1.; 369)
[2026-04-28T02:49:50.558+0000] {local_task_job_runner.py:234} INFO - Task exited with return code 1
[2026-04-28T02:49:50.575+0000] {taskinstance.py:3280} INFO - 0 downstream tasks scheduled from follow-on schedule check
