[2026-04-27T19:53:57.900+0000] {processor.py:161} INFO - Started process (PID=110) to work on /opt/airflow/dags/pipeline_dag.py
[2026-04-27T19:53:57.905+0000] {processor.py:830} INFO - Processing file /opt/airflow/dags/pipeline_dag.py for tasks to queue
[2026-04-27T19:53:57.912+0000] {logging_mixin.py:188} INFO - [2026-04-27T19:53:57.907+0000] {dagbag.py:538} INFO - Filling up the DagBag from /opt/airflow/dags/pipeline_dag.py
[2026-04-27T19:53:57.971+0000] {processor.py:840} INFO - DAG(s) 'energy_pipeline' retrieved from /opt/airflow/dags/pipeline_dag.py
[2026-04-27T19:53:58.302+0000] {logging_mixin.py:188} INFO - [2026-04-27T19:53:58.301+0000] {override.py:1769} INFO - Created Permission View: can delete on DAG:energy_pipeline
[2026-04-27T19:53:58.324+0000] {logging_mixin.py:188} INFO - [2026-04-27T19:53:58.321+0000] {override.py:1769} INFO - Created Permission View: can read on DAG:energy_pipeline
[2026-04-27T19:53:58.336+0000] {logging_mixin.py:188} INFO - [2026-04-27T19:53:58.336+0000] {override.py:1769} INFO - Created Permission View: can edit on DAG:energy_pipeline
[2026-04-27T19:53:58.337+0000] {logging_mixin.py:188} INFO - [2026-04-27T19:53:58.337+0000] {dag.py:3036} INFO - Sync 1 DAGs
[2026-04-27T19:53:58.366+0000] {logging_mixin.py:188} INFO - [2026-04-27T19:53:58.365+0000] {dag.py:3058} INFO - Creating ORM DAG for energy_pipeline
[2026-04-27T19:53:58.391+0000] {logging_mixin.py:188} INFO - [2026-04-27T19:53:58.391+0000] {dag.py:3823} INFO - Setting next_dagrun for energy_pipeline to 2026-04-26 00:00:00+00:00, run_after=2026-04-27 00:00:00+00:00
[2026-04-27T19:53:58.429+0000] {processor.py:183} INFO - Processing /opt/airflow/dags/pipeline_dag.py took 0.538 seconds
[2026-04-27T19:54:29.099+0000] {processor.py:161} INFO - Started process (PID=137) to work on /opt/airflow/dags/pipeline_dag.py
[2026-04-27T19:54:29.103+0000] {processor.py:830} INFO - Processing file /opt/airflow/dags/pipeline_dag.py for tasks to queue
[2026-04-27T19:54:29.106+0000] {logging_mixin.py:188} INFO - [2026-04-27T19:54:29.105+0000] {dagbag.py:538} INFO - Filling up the DagBag from /opt/airflow/dags/pipeline_dag.py
[2026-04-27T19:54:29.143+0000] {processor.py:840} INFO - DAG(s) 'energy_pipeline' retrieved from /opt/airflow/dags/pipeline_dag.py
[2026-04-27T19:54:29.191+0000] {logging_mixin.py:188} INFO - [2026-04-27T19:54:29.191+0000] {dag.py:3036} INFO - Sync 1 DAGs
[2026-04-27T19:54:29.242+0000] {logging_mixin.py:188} INFO - [2026-04-27T19:54:29.242+0000] {dag.py:3823} INFO - Setting next_dagrun for energy_pipeline to 2026-04-27 00:00:00+00:00, run_after=2026-04-28 00:00:00+00:00
[2026-04-27T19:54:29.296+0000] {processor.py:183} INFO - Processing /opt/airflow/dags/pipeline_dag.py took 0.205 seconds
[2026-04-27T19:54:59.778+0000] {processor.py:161} INFO - Started process (PID=145) to work on /opt/airflow/dags/pipeline_dag.py
[2026-04-27T19:54:59.780+0000] {processor.py:830} INFO - Processing file /opt/airflow/dags/pipeline_dag.py for tasks to queue
[2026-04-27T19:54:59.782+0000] {logging_mixin.py:188} INFO - [2026-04-27T19:54:59.781+0000] {dagbag.py:538} INFO - Filling up the DagBag from /opt/airflow/dags/pipeline_dag.py
[2026-04-27T19:54:59.825+0000] {processor.py:840} INFO - DAG(s) 'energy_pipeline' retrieved from /opt/airflow/dags/pipeline_dag.py
[2026-04-27T19:54:59.902+0000] {logging_mixin.py:188} INFO - [2026-04-27T19:54:59.901+0000] {dag.py:3036} INFO - Sync 1 DAGs
[2026-04-27T19:54:59.961+0000] {logging_mixin.py:188} INFO - [2026-04-27T19:54:59.961+0000] {dag.py:3823} INFO - Setting next_dagrun for energy_pipeline to 2026-04-27 00:00:00+00:00, run_after=2026-04-28 00:00:00+00:00
[2026-04-27T19:55:00.018+0000] {processor.py:183} INFO - Processing /opt/airflow/dags/pipeline_dag.py took 0.247 seconds
[2026-04-27T19:55:30.422+0000] {processor.py:161} INFO - Started process (PID=153) to work on /opt/airflow/dags/pipeline_dag.py
[2026-04-27T19:55:30.425+0000] {processor.py:830} INFO - Processing file /opt/airflow/dags/pipeline_dag.py for tasks to queue
[2026-04-27T19:55:30.428+0000] {logging_mixin.py:188} INFO - [2026-04-27T19:55:30.427+0000] {dagbag.py:538} INFO - Filling up the DagBag from /opt/airflow/dags/pipeline_dag.py
[2026-04-27T19:55:30.464+0000] {processor.py:840} INFO - DAG(s) 'energy_pipeline' retrieved from /opt/airflow/dags/pipeline_dag.py
[2026-04-27T19:55:30.523+0000] {logging_mixin.py:188} INFO - [2026-04-27T19:55:30.522+0000] {dag.py:3036} INFO - Sync 1 DAGs
[2026-04-27T19:55:30.591+0000] {logging_mixin.py:188} INFO - [2026-04-27T19:55:30.590+0000] {dag.py:3823} INFO - Setting next_dagrun for energy_pipeline to 2026-04-27 00:00:00+00:00, run_after=2026-04-28 00:00:00+00:00
[2026-04-27T19:55:30.642+0000] {processor.py:183} INFO - Processing /opt/airflow/dags/pipeline_dag.py took 0.229 seconds
[2026-04-27T19:55:47.039+0000] {processor.py:161} INFO - Started process (PID=154) to work on /opt/airflow/dags/pipeline_dag.py
[2026-04-27T19:55:47.042+0000] {processor.py:830} INFO - Processing file /opt/airflow/dags/pipeline_dag.py for tasks to queue
[2026-04-27T19:55:47.047+0000] {logging_mixin.py:188} INFO - [2026-04-27T19:55:47.046+0000] {dagbag.py:538} INFO - Filling up the DagBag from /opt/airflow/dags/pipeline_dag.py
[2026-04-27T19:55:47.089+0000] {processor.py:840} INFO - DAG(s) 'energy_pipeline' retrieved from /opt/airflow/dags/pipeline_dag.py
[2026-04-27T19:55:47.311+0000] {logging_mixin.py:188} INFO - [2026-04-27T19:55:47.310+0000] {dag.py:3036} INFO - Sync 1 DAGs
[2026-04-27T19:55:47.361+0000] {logging_mixin.py:188} INFO - [2026-04-27T19:55:47.361+0000] {dag.py:3823} INFO - Setting next_dagrun for energy_pipeline to 2026-04-27 00:00:00+00:00, run_after=2026-04-28 00:00:00+00:00
[2026-04-27T19:55:47.434+0000] {processor.py:183} INFO - Processing /opt/airflow/dags/pipeline_dag.py took 0.402 seconds
[2026-04-27T19:55:50.291+0000] {processor.py:161} INFO - Started process (PID=155) to work on /opt/airflow/dags/pipeline_dag.py
[2026-04-27T19:55:50.293+0000] {processor.py:830} INFO - Processing file /opt/airflow/dags/pipeline_dag.py for tasks to queue
[2026-04-27T19:55:50.296+0000] {logging_mixin.py:188} INFO - [2026-04-27T19:55:50.295+0000] {dagbag.py:538} INFO - Filling up the DagBag from /opt/airflow/dags/pipeline_dag.py
[2026-04-27T19:55:50.334+0000] {processor.py:840} INFO - DAG(s) 'energy_pipeline' retrieved from /opt/airflow/dags/pipeline_dag.py
[2026-04-27T19:55:50.350+0000] {logging_mixin.py:188} INFO - [2026-04-27T19:55:50.350+0000] {dag.py:3036} INFO - Sync 1 DAGs
[2026-04-27T19:55:50.401+0000] {logging_mixin.py:188} INFO - [2026-04-27T19:55:50.400+0000] {dag.py:3823} INFO - Setting next_dagrun for energy_pipeline to 2026-04-27 00:00:00+00:00, run_after=2026-04-28 00:00:00+00:00
[2026-04-27T19:55:50.442+0000] {processor.py:183} INFO - Processing /opt/airflow/dags/pipeline_dag.py took 0.158 seconds
[2026-04-27T19:55:53.768+0000] {processor.py:161} INFO - Started process (PID=156) to work on /opt/airflow/dags/pipeline_dag.py
[2026-04-27T19:55:53.827+0000] {processor.py:830} INFO - Processing file /opt/airflow/dags/pipeline_dag.py for tasks to queue
[2026-04-27T19:55:53.880+0000] {logging_mixin.py:188} INFO - [2026-04-27T19:55:53.860+0000] {dagbag.py:538} INFO - Filling up the DagBag from /opt/airflow/dags/pipeline_dag.py
[2026-04-27T19:55:54.176+0000] {processor.py:840} INFO - DAG(s) 'energy_pipeline' retrieved from /opt/airflow/dags/pipeline_dag.py
[2026-04-27T19:55:54.230+0000] {logging_mixin.py:188} INFO - [2026-04-27T19:55:54.229+0000] {dag.py:3036} INFO - Sync 1 DAGs
[2026-04-27T19:55:54.449+0000] {logging_mixin.py:188} INFO - [2026-04-27T19:55:54.447+0000] {dag.py:3823} INFO - Setting next_dagrun for energy_pipeline to 2026-04-27 00:00:00+00:00, run_after=2026-04-28 00:00:00+00:00
[2026-04-27T19:55:54.584+0000] {processor.py:183} INFO - Processing /opt/airflow/dags/pipeline_dag.py took 0.899 seconds
[2026-04-27T19:55:57.240+0000] {processor.py:161} INFO - Started process (PID=157) to work on /opt/airflow/dags/pipeline_dag.py
[2026-04-27T19:55:57.245+0000] {processor.py:830} INFO - Processing file /opt/airflow/dags/pipeline_dag.py for tasks to queue
[2026-04-27T19:55:57.249+0000] {logging_mixin.py:188} INFO - [2026-04-27T19:55:57.247+0000] {dagbag.py:538} INFO - Filling up the DagBag from /opt/airflow/dags/pipeline_dag.py
[2026-04-27T19:55:57.291+0000] {logging_mixin.py:188} INFO - [2026-04-27T19:55:57.282+0000] {dagbag.py:348} ERROR - Failed to import: /opt/airflow/dags/pipeline_dag.py
Traceback (most recent call last):
  File "/home/airflow/.local/lib/python3.11/site-packages/airflow/models/dagbag.py", line 344, in parse
    loader.exec_module(new_module)
  File "<frozen importlib._bootstrap_external>", line 940, in exec_module
  File "<frozen importlib._bootstrap>", line 241, in _call_with_frames_removed
  File "/opt/airflow/dags/pipeline_dag.py", line 22, in <module>
    bash_command=f"{PYTHON_PATH} {PROJECT_DIR}/src/ingestion.py"
                    ^^^^^^^^^^^
NameError: name 'PYTHON_PATH' is not defined
[2026-04-27T19:55:57.293+0000] {processor.py:842} WARNING - No viable dags retrieved from /opt/airflow/dags/pipeline_dag.py
[2026-04-27T19:55:57.370+0000] {processor.py:183} INFO - Processing /opt/airflow/dags/pipeline_dag.py took 0.140 seconds
[2026-04-27T19:56:03.568+0000] {processor.py:161} INFO - Started process (PID=158) to work on /opt/airflow/dags/pipeline_dag.py
[2026-04-27T19:56:03.573+0000] {processor.py:830} INFO - Processing file /opt/airflow/dags/pipeline_dag.py for tasks to queue
[2026-04-27T19:56:03.578+0000] {logging_mixin.py:188} INFO - [2026-04-27T19:56:03.575+0000] {dagbag.py:538} INFO - Filling up the DagBag from /opt/airflow/dags/pipeline_dag.py
[2026-04-27T19:56:03.681+0000] {processor.py:840} INFO - DAG(s) 'energy_pipeline' retrieved from /opt/airflow/dags/pipeline_dag.py
[2026-04-27T19:56:03.730+0000] {logging_mixin.py:188} INFO - [2026-04-27T19:56:03.729+0000] {dag.py:3036} INFO - Sync 1 DAGs
[2026-04-27T19:56:03.870+0000] {logging_mixin.py:188} INFO - [2026-04-27T19:56:03.869+0000] {dag.py:3823} INFO - Setting next_dagrun for energy_pipeline to 2026-04-27 00:00:00+00:00, run_after=2026-04-28 00:00:00+00:00
[2026-04-27T19:56:03.962+0000] {processor.py:183} INFO - Processing /opt/airflow/dags/pipeline_dag.py took 0.407 seconds
[2026-04-27T19:56:34.425+0000] {processor.py:161} INFO - Started process (PID=159) to work on /opt/airflow/dags/pipeline_dag.py
[2026-04-27T19:56:34.429+0000] {processor.py:830} INFO - Processing file /opt/airflow/dags/pipeline_dag.py for tasks to queue
[2026-04-27T19:56:34.432+0000] {logging_mixin.py:188} INFO - [2026-04-27T19:56:34.431+0000] {dagbag.py:538} INFO - Filling up the DagBag from /opt/airflow/dags/pipeline_dag.py
[2026-04-27T19:56:34.471+0000] {processor.py:840} INFO - DAG(s) 'energy_pipeline' retrieved from /opt/airflow/dags/pipeline_dag.py
[2026-04-27T19:56:34.758+0000] {logging_mixin.py:188} INFO - [2026-04-27T19:56:34.757+0000] {dag.py:3036} INFO - Sync 1 DAGs
[2026-04-27T19:56:34.804+0000] {logging_mixin.py:188} INFO - [2026-04-27T19:56:34.803+0000] {dag.py:3823} INFO - Setting next_dagrun for energy_pipeline to 2026-04-27 00:00:00+00:00, run_after=2026-04-28 00:00:00+00:00
[2026-04-27T19:56:34.858+0000] {processor.py:183} INFO - Processing /opt/airflow/dags/pipeline_dag.py took 0.442 seconds
[2026-04-27T19:56:36.855+0000] {processor.py:161} INFO - Started process (PID=160) to work on /opt/airflow/dags/pipeline_dag.py
[2026-04-27T19:56:36.866+0000] {processor.py:830} INFO - Processing file /opt/airflow/dags/pipeline_dag.py for tasks to queue
[2026-04-27T19:56:36.876+0000] {logging_mixin.py:188} INFO - [2026-04-27T19:56:36.871+0000] {dagbag.py:538} INFO - Filling up the DagBag from /opt/airflow/dags/pipeline_dag.py
[2026-04-27T19:56:37.024+0000] {processor.py:840} INFO - DAG(s) 'energy_pipeline' retrieved from /opt/airflow/dags/pipeline_dag.py
[2026-04-27T19:56:37.084+0000] {logging_mixin.py:188} INFO - [2026-04-27T19:56:37.083+0000] {dag.py:3036} INFO - Sync 1 DAGs
[2026-04-27T19:56:37.255+0000] {logging_mixin.py:188} INFO - [2026-04-27T19:56:37.254+0000] {dag.py:3823} INFO - Setting next_dagrun for energy_pipeline to 2026-04-27 00:00:00+00:00, run_after=2026-04-28 00:00:00+00:00
[2026-04-27T19:56:37.360+0000] {processor.py:183} INFO - Processing /opt/airflow/dags/pipeline_dag.py took 0.543 seconds
[2026-04-27T19:57:07.855+0000] {processor.py:161} INFO - Started process (PID=168) to work on /opt/airflow/dags/pipeline_dag.py
[2026-04-27T19:57:07.857+0000] {processor.py:830} INFO - Processing file /opt/airflow/dags/pipeline_dag.py for tasks to queue
[2026-04-27T19:57:07.860+0000] {logging_mixin.py:188} INFO - [2026-04-27T19:57:07.859+0000] {dagbag.py:538} INFO - Filling up the DagBag from /opt/airflow/dags/pipeline_dag.py
[2026-04-27T19:57:07.893+0000] {processor.py:840} INFO - DAG(s) 'energy_pipeline' retrieved from /opt/airflow/dags/pipeline_dag.py
[2026-04-27T19:57:07.945+0000] {logging_mixin.py:188} INFO - [2026-04-27T19:57:07.945+0000] {dag.py:3036} INFO - Sync 1 DAGs
[2026-04-27T19:57:07.990+0000] {logging_mixin.py:188} INFO - [2026-04-27T19:57:07.989+0000] {dag.py:3823} INFO - Setting next_dagrun for energy_pipeline to 2026-04-27 00:00:00+00:00, run_after=2026-04-28 00:00:00+00:00
[2026-04-27T19:57:08.031+0000] {processor.py:183} INFO - Processing /opt/airflow/dags/pipeline_dag.py took 0.183 seconds
[2026-04-27T19:57:38.437+0000] {processor.py:161} INFO - Started process (PID=183) to work on /opt/airflow/dags/pipeline_dag.py
[2026-04-27T19:57:38.439+0000] {processor.py:830} INFO - Processing file /opt/airflow/dags/pipeline_dag.py for tasks to queue
[2026-04-27T19:57:38.442+0000] {logging_mixin.py:188} INFO - [2026-04-27T19:57:38.441+0000] {dagbag.py:538} INFO - Filling up the DagBag from /opt/airflow/dags/pipeline_dag.py
[2026-04-27T19:57:38.469+0000] {processor.py:840} INFO - DAG(s) 'energy_pipeline' retrieved from /opt/airflow/dags/pipeline_dag.py
[2026-04-27T19:57:38.511+0000] {logging_mixin.py:188} INFO - [2026-04-27T19:57:38.510+0000] {dag.py:3036} INFO - Sync 1 DAGs
[2026-04-27T19:57:38.547+0000] {logging_mixin.py:188} INFO - [2026-04-27T19:57:38.547+0000] {dag.py:3823} INFO - Setting next_dagrun for energy_pipeline to 2026-04-27 00:00:00+00:00, run_after=2026-04-28 00:00:00+00:00
[2026-04-27T19:57:38.578+0000] {processor.py:183} INFO - Processing /opt/airflow/dags/pipeline_dag.py took 0.147 seconds
[2026-04-27T19:58:08.959+0000] {processor.py:161} INFO - Started process (PID=184) to work on /opt/airflow/dags/pipeline_dag.py
[2026-04-27T19:58:08.960+0000] {processor.py:830} INFO - Processing file /opt/airflow/dags/pipeline_dag.py for tasks to queue
[2026-04-27T19:58:08.962+0000] {logging_mixin.py:188} INFO - [2026-04-27T19:58:08.961+0000] {dagbag.py:538} INFO - Filling up the DagBag from /opt/airflow/dags/pipeline_dag.py
[2026-04-27T19:58:08.986+0000] {processor.py:840} INFO - DAG(s) 'energy_pipeline' retrieved from /opt/airflow/dags/pipeline_dag.py
[2026-04-27T19:58:09.024+0000] {logging_mixin.py:188} INFO - [2026-04-27T19:58:09.023+0000] {dag.py:3036} INFO - Sync 1 DAGs
[2026-04-27T19:58:09.058+0000] {logging_mixin.py:188} INFO - [2026-04-27T19:58:09.058+0000] {dag.py:3823} INFO - Setting next_dagrun for energy_pipeline to 2026-04-27 00:00:00+00:00, run_after=2026-04-28 00:00:00+00:00
[2026-04-27T19:58:09.087+0000] {processor.py:183} INFO - Processing /opt/airflow/dags/pipeline_dag.py took 0.134 seconds
[2026-04-27T19:58:39.571+0000] {processor.py:161} INFO - Started process (PID=185) to work on /opt/airflow/dags/pipeline_dag.py
[2026-04-27T19:58:39.573+0000] {processor.py:830} INFO - Processing file /opt/airflow/dags/pipeline_dag.py for tasks to queue
[2026-04-27T19:58:39.575+0000] {logging_mixin.py:188} INFO - [2026-04-27T19:58:39.574+0000] {dagbag.py:538} INFO - Filling up the DagBag from /opt/airflow/dags/pipeline_dag.py
[2026-04-27T19:58:39.602+0000] {processor.py:840} INFO - DAG(s) 'energy_pipeline' retrieved from /opt/airflow/dags/pipeline_dag.py
[2026-04-27T19:58:39.642+0000] {logging_mixin.py:188} INFO - [2026-04-27T19:58:39.641+0000] {dag.py:3036} INFO - Sync 1 DAGs
[2026-04-27T19:58:39.674+0000] {logging_mixin.py:188} INFO - [2026-04-27T19:58:39.674+0000] {dag.py:3823} INFO - Setting next_dagrun for energy_pipeline to 2026-04-27 00:00:00+00:00, run_after=2026-04-28 00:00:00+00:00
[2026-04-27T19:58:39.706+0000] {processor.py:183} INFO - Processing /opt/airflow/dags/pipeline_dag.py took 0.140 seconds
[2026-04-27T19:59:14.411+0000] {processor.py:161} INFO - Started process (PID=80) to work on /opt/airflow/dags/pipeline_dag.py
[2026-04-27T19:59:14.413+0000] {processor.py:830} INFO - Processing file /opt/airflow/dags/pipeline_dag.py for tasks to queue
[2026-04-27T19:59:14.415+0000] {logging_mixin.py:188} INFO - [2026-04-27T19:59:14.414+0000] {dagbag.py:538} INFO - Filling up the DagBag from /opt/airflow/dags/pipeline_dag.py
[2026-04-27T19:59:14.454+0000] {processor.py:840} INFO - DAG(s) 'energy_pipeline' retrieved from /opt/airflow/dags/pipeline_dag.py
[2026-04-27T19:59:14.954+0000] {logging_mixin.py:188} INFO - [2026-04-27T19:59:14.953+0000] {override.py:1769} INFO - Created Permission View: can read on DAG:energy_pipeline
[2026-04-27T19:59:14.970+0000] {logging_mixin.py:188} INFO - [2026-04-27T19:59:14.970+0000] {override.py:1769} INFO - Created Permission View: can edit on DAG:energy_pipeline
[2026-04-27T19:59:14.982+0000] {logging_mixin.py:188} INFO - [2026-04-27T19:59:14.981+0000] {override.py:1769} INFO - Created Permission View: can delete on DAG:energy_pipeline
[2026-04-27T19:59:14.983+0000] {logging_mixin.py:188} INFO - [2026-04-27T19:59:14.983+0000] {dag.py:3036} INFO - Sync 1 DAGs
[2026-04-27T19:59:15.002+0000] {logging_mixin.py:188} INFO - [2026-04-27T19:59:15.002+0000] {dag.py:3058} INFO - Creating ORM DAG for energy_pipeline
[2026-04-27T19:59:15.020+0000] {logging_mixin.py:188} INFO - [2026-04-27T19:59:15.019+0000] {dag.py:3823} INFO - Setting next_dagrun for energy_pipeline to 2026-04-26 00:00:00+00:00, run_after=2026-04-27 00:00:00+00:00
[2026-04-27T19:59:15.050+0000] {processor.py:183} INFO - Processing /opt/airflow/dags/pipeline_dag.py took 0.648 seconds
[2026-04-27T19:59:45.490+0000] {processor.py:161} INFO - Started process (PID=141) to work on /opt/airflow/dags/pipeline_dag.py
[2026-04-27T19:59:45.494+0000] {processor.py:830} INFO - Processing file /opt/airflow/dags/pipeline_dag.py for tasks to queue
[2026-04-27T19:59:45.498+0000] {logging_mixin.py:188} INFO - [2026-04-27T19:59:45.496+0000] {dagbag.py:538} INFO - Filling up the DagBag from /opt/airflow/dags/pipeline_dag.py
[2026-04-27T19:59:45.540+0000] {processor.py:840} INFO - DAG(s) 'energy_pipeline' retrieved from /opt/airflow/dags/pipeline_dag.py
[2026-04-27T19:59:45.651+0000] {logging_mixin.py:188} INFO - [2026-04-27T19:59:45.650+0000] {dag.py:3036} INFO - Sync 1 DAGs
[2026-04-27T19:59:45.724+0000] {logging_mixin.py:188} INFO - [2026-04-27T19:59:45.723+0000] {dag.py:3823} INFO - Setting next_dagrun for energy_pipeline to 2026-04-27 00:00:00+00:00, run_after=2026-04-28 00:00:00+00:00
[2026-04-27T19:59:45.796+0000] {processor.py:183} INFO - Processing /opt/airflow/dags/pipeline_dag.py took 0.313 seconds
[2026-04-27T20:00:16.681+0000] {processor.py:161} INFO - Started process (PID=154) to work on /opt/airflow/dags/pipeline_dag.py
[2026-04-27T20:00:16.683+0000] {processor.py:830} INFO - Processing file /opt/airflow/dags/pipeline_dag.py for tasks to queue
[2026-04-27T20:00:16.686+0000] {logging_mixin.py:188} INFO - [2026-04-27T20:00:16.685+0000] {dagbag.py:538} INFO - Filling up the DagBag from /opt/airflow/dags/pipeline_dag.py
[2026-04-27T20:00:16.718+0000] {processor.py:840} INFO - DAG(s) 'energy_pipeline' retrieved from /opt/airflow/dags/pipeline_dag.py
[2026-04-27T20:00:16.767+0000] {logging_mixin.py:188} INFO - [2026-04-27T20:00:16.766+0000] {dag.py:3036} INFO - Sync 1 DAGs
[2026-04-27T20:00:16.810+0000] {logging_mixin.py:188} INFO - [2026-04-27T20:00:16.810+0000] {dag.py:3823} INFO - Setting next_dagrun for energy_pipeline to 2026-04-27 00:00:00+00:00, run_after=2026-04-28 00:00:00+00:00
[2026-04-27T20:00:16.853+0000] {processor.py:183} INFO - Processing /opt/airflow/dags/pipeline_dag.py took 0.178 seconds
[2026-04-27T20:01:00.227+0000] {processor.py:161} INFO - Started process (PID=80) to work on /opt/airflow/dags/pipeline_dag.py
[2026-04-27T20:01:00.230+0000] {processor.py:830} INFO - Processing file /opt/airflow/dags/pipeline_dag.py for tasks to queue
[2026-04-27T20:01:00.233+0000] {logging_mixin.py:188} INFO - [2026-04-27T20:01:00.232+0000] {dagbag.py:538} INFO - Filling up the DagBag from /opt/airflow/dags/pipeline_dag.py
[2026-04-27T20:01:00.272+0000] {processor.py:840} INFO - DAG(s) 'energy_pipeline' retrieved from /opt/airflow/dags/pipeline_dag.py
[2026-04-27T20:01:00.297+0000] {logging_mixin.py:188} INFO - [2026-04-27T20:01:00.296+0000] {dag.py:3036} INFO - Sync 1 DAGs
[2026-04-27T20:01:00.700+0000] {logging_mixin.py:188} INFO - [2026-04-27T20:01:00.700+0000] {dag.py:3823} INFO - Setting next_dagrun for energy_pipeline to 2026-04-27 00:00:00+00:00, run_after=2026-04-28 00:00:00+00:00
[2026-04-27T20:01:00.769+0000] {processor.py:183} INFO - Processing /opt/airflow/dags/pipeline_dag.py took 0.550 seconds
[2026-04-27T20:01:31.739+0000] {processor.py:161} INFO - Started process (PID=111) to work on /opt/airflow/dags/pipeline_dag.py
[2026-04-27T20:01:31.742+0000] {processor.py:830} INFO - Processing file /opt/airflow/dags/pipeline_dag.py for tasks to queue
[2026-04-27T20:01:31.744+0000] {logging_mixin.py:188} INFO - [2026-04-27T20:01:31.743+0000] {dagbag.py:538} INFO - Filling up the DagBag from /opt/airflow/dags/pipeline_dag.py
[2026-04-27T20:01:31.777+0000] {processor.py:840} INFO - DAG(s) 'energy_pipeline' retrieved from /opt/airflow/dags/pipeline_dag.py
[2026-04-27T20:01:32.013+0000] {logging_mixin.py:188} INFO - [2026-04-27T20:01:32.013+0000] {dag.py:3036} INFO - Sync 1 DAGs
[2026-04-27T20:01:32.056+0000] {logging_mixin.py:188} INFO - [2026-04-27T20:01:32.055+0000] {dag.py:3823} INFO - Setting next_dagrun for energy_pipeline to 2026-04-27 00:00:00+00:00, run_after=2026-04-28 00:00:00+00:00
[2026-04-27T20:01:32.107+0000] {processor.py:183} INFO - Processing /opt/airflow/dags/pipeline_dag.py took 0.374 seconds
[2026-04-27T20:02:03.036+0000] {processor.py:161} INFO - Started process (PID=112) to work on /opt/airflow/dags/pipeline_dag.py
[2026-04-27T20:02:03.038+0000] {processor.py:830} INFO - Processing file /opt/airflow/dags/pipeline_dag.py for tasks to queue
[2026-04-27T20:02:03.041+0000] {logging_mixin.py:188} INFO - [2026-04-27T20:02:03.040+0000] {dagbag.py:538} INFO - Filling up the DagBag from /opt/airflow/dags/pipeline_dag.py
[2026-04-27T20:02:03.076+0000] {processor.py:840} INFO - DAG(s) 'energy_pipeline' retrieved from /opt/airflow/dags/pipeline_dag.py
[2026-04-27T20:02:03.129+0000] {logging_mixin.py:188} INFO - [2026-04-27T20:02:03.129+0000] {dag.py:3036} INFO - Sync 1 DAGs
[2026-04-27T20:02:03.175+0000] {logging_mixin.py:188} INFO - [2026-04-27T20:02:03.174+0000] {dag.py:3823} INFO - Setting next_dagrun for energy_pipeline to 2026-04-27 00:00:00+00:00, run_after=2026-04-28 00:00:00+00:00
[2026-04-27T20:02:03.217+0000] {processor.py:183} INFO - Processing /opt/airflow/dags/pipeline_dag.py took 0.189 seconds
[2026-04-27T20:02:33.974+0000] {processor.py:161} INFO - Started process (PID=113) to work on /opt/airflow/dags/pipeline_dag.py
[2026-04-27T20:02:33.977+0000] {processor.py:830} INFO - Processing file /opt/airflow/dags/pipeline_dag.py for tasks to queue
[2026-04-27T20:02:33.980+0000] {logging_mixin.py:188} INFO - [2026-04-27T20:02:33.978+0000] {dagbag.py:538} INFO - Filling up the DagBag from /opt/airflow/dags/pipeline_dag.py
[2026-04-27T20:02:34.015+0000] {processor.py:840} INFO - DAG(s) 'energy_pipeline' retrieved from /opt/airflow/dags/pipeline_dag.py
[2026-04-27T20:02:34.063+0000] {logging_mixin.py:188} INFO - [2026-04-27T20:02:34.062+0000] {dag.py:3036} INFO - Sync 1 DAGs
[2026-04-27T20:02:34.106+0000] {logging_mixin.py:188} INFO - [2026-04-27T20:02:34.106+0000] {dag.py:3823} INFO - Setting next_dagrun for energy_pipeline to 2026-04-27 00:00:00+00:00, run_after=2026-04-28 00:00:00+00:00
[2026-04-27T20:02:34.164+0000] {processor.py:183} INFO - Processing /opt/airflow/dags/pipeline_dag.py took 0.198 seconds
[2026-04-27T20:03:04.351+0000] {processor.py:161} INFO - Started process (PID=120) to work on /opt/airflow/dags/pipeline_dag.py
[2026-04-27T20:03:04.353+0000] {processor.py:830} INFO - Processing file /opt/airflow/dags/pipeline_dag.py for tasks to queue
[2026-04-27T20:03:04.356+0000] {logging_mixin.py:188} INFO - [2026-04-27T20:03:04.354+0000] {dagbag.py:538} INFO - Filling up the DagBag from /opt/airflow/dags/pipeline_dag.py
[2026-04-27T20:03:04.385+0000] {processor.py:840} INFO - DAG(s) 'energy_pipeline' retrieved from /opt/airflow/dags/pipeline_dag.py
[2026-04-27T20:03:04.427+0000] {logging_mixin.py:188} INFO - [2026-04-27T20:03:04.427+0000] {dag.py:3036} INFO - Sync 1 DAGs
[2026-04-27T20:03:04.467+0000] {logging_mixin.py:188} INFO - [2026-04-27T20:03:04.467+0000] {dag.py:3823} INFO - Setting next_dagrun for energy_pipeline to 2026-04-27 00:00:00+00:00, run_after=2026-04-28 00:00:00+00:00
[2026-04-27T20:03:04.501+0000] {processor.py:183} INFO - Processing /opt/airflow/dags/pipeline_dag.py took 0.156 seconds
[2026-04-27T20:03:34.765+0000] {processor.py:161} INFO - Started process (PID=128) to work on /opt/airflow/dags/pipeline_dag.py
[2026-04-27T20:03:34.767+0000] {processor.py:830} INFO - Processing file /opt/airflow/dags/pipeline_dag.py for tasks to queue
[2026-04-27T20:03:34.769+0000] {logging_mixin.py:188} INFO - [2026-04-27T20:03:34.768+0000] {dagbag.py:538} INFO - Filling up the DagBag from /opt/airflow/dags/pipeline_dag.py
[2026-04-27T20:03:34.792+0000] {processor.py:840} INFO - DAG(s) 'energy_pipeline' retrieved from /opt/airflow/dags/pipeline_dag.py
[2026-04-27T20:03:34.829+0000] {logging_mixin.py:188} INFO - [2026-04-27T20:03:34.829+0000] {dag.py:3036} INFO - Sync 1 DAGs
[2026-04-27T20:03:34.861+0000] {logging_mixin.py:188} INFO - [2026-04-27T20:03:34.860+0000] {dag.py:3823} INFO - Setting next_dagrun for energy_pipeline to 2026-04-27 00:00:00+00:00, run_after=2026-04-28 00:00:00+00:00
[2026-04-27T20:03:34.894+0000] {processor.py:183} INFO - Processing /opt/airflow/dags/pipeline_dag.py took 0.134 seconds
[2026-04-27T20:04:05.038+0000] {processor.py:161} INFO - Started process (PID=129) to work on /opt/airflow/dags/pipeline_dag.py
[2026-04-27T20:04:05.040+0000] {processor.py:830} INFO - Processing file /opt/airflow/dags/pipeline_dag.py for tasks to queue
[2026-04-27T20:04:05.041+0000] {logging_mixin.py:188} INFO - [2026-04-27T20:04:05.041+0000] {dagbag.py:538} INFO - Filling up the DagBag from /opt/airflow/dags/pipeline_dag.py
[2026-04-27T20:04:05.064+0000] {processor.py:840} INFO - DAG(s) 'energy_pipeline' retrieved from /opt/airflow/dags/pipeline_dag.py
[2026-04-27T20:04:05.096+0000] {logging_mixin.py:188} INFO - [2026-04-27T20:04:05.095+0000] {dag.py:3036} INFO - Sync 1 DAGs
[2026-04-27T20:04:05.125+0000] {logging_mixin.py:188} INFO - [2026-04-27T20:04:05.125+0000] {dag.py:3823} INFO - Setting next_dagrun for energy_pipeline to 2026-04-27 00:00:00+00:00, run_after=2026-04-28 00:00:00+00:00
[2026-04-27T20:04:05.150+0000] {processor.py:183} INFO - Processing /opt/airflow/dags/pipeline_dag.py took 0.116 seconds
[2026-04-27T20:04:35.336+0000] {processor.py:161} INFO - Started process (PID=137) to work on /opt/airflow/dags/pipeline_dag.py
[2026-04-27T20:04:35.338+0000] {processor.py:830} INFO - Processing file /opt/airflow/dags/pipeline_dag.py for tasks to queue
[2026-04-27T20:04:35.340+0000] {logging_mixin.py:188} INFO - [2026-04-27T20:04:35.339+0000] {dagbag.py:538} INFO - Filling up the DagBag from /opt/airflow/dags/pipeline_dag.py
[2026-04-27T20:04:35.361+0000] {processor.py:840} INFO - DAG(s) 'energy_pipeline' retrieved from /opt/airflow/dags/pipeline_dag.py
[2026-04-27T20:04:35.395+0000] {logging_mixin.py:188} INFO - [2026-04-27T20:04:35.394+0000] {dag.py:3036} INFO - Sync 1 DAGs
[2026-04-27T20:04:35.424+0000] {logging_mixin.py:188} INFO - [2026-04-27T20:04:35.424+0000] {dag.py:3823} INFO - Setting next_dagrun for energy_pipeline to 2026-04-27 00:00:00+00:00, run_after=2026-04-28 00:00:00+00:00
[2026-04-27T20:04:35.451+0000] {processor.py:183} INFO - Processing /opt/airflow/dags/pipeline_dag.py took 0.125 seconds
[2026-04-27T20:05:05.586+0000] {processor.py:161} INFO - Started process (PID=138) to work on /opt/airflow/dags/pipeline_dag.py
[2026-04-27T20:05:05.587+0000] {processor.py:830} INFO - Processing file /opt/airflow/dags/pipeline_dag.py for tasks to queue
[2026-04-27T20:05:05.589+0000] {logging_mixin.py:188} INFO - [2026-04-27T20:05:05.588+0000] {dagbag.py:538} INFO - Filling up the DagBag from /opt/airflow/dags/pipeline_dag.py
[2026-04-27T20:05:05.613+0000] {processor.py:840} INFO - DAG(s) 'energy_pipeline' retrieved from /opt/airflow/dags/pipeline_dag.py
[2026-04-27T20:05:05.647+0000] {logging_mixin.py:188} INFO - [2026-04-27T20:05:05.647+0000] {dag.py:3036} INFO - Sync 1 DAGs
[2026-04-27T20:05:05.679+0000] {logging_mixin.py:188} INFO - [2026-04-27T20:05:05.678+0000] {dag.py:3823} INFO - Setting next_dagrun for energy_pipeline to 2026-04-27 00:00:00+00:00, run_after=2026-04-28 00:00:00+00:00
[2026-04-27T20:05:05.706+0000] {processor.py:183} INFO - Processing /opt/airflow/dags/pipeline_dag.py took 0.126 seconds
[2026-04-27T20:05:35.896+0000] {processor.py:161} INFO - Started process (PID=139) to work on /opt/airflow/dags/pipeline_dag.py
[2026-04-27T20:05:35.897+0000] {processor.py:830} INFO - Processing file /opt/airflow/dags/pipeline_dag.py for tasks to queue
[2026-04-27T20:05:35.899+0000] {logging_mixin.py:188} INFO - [2026-04-27T20:05:35.898+0000] {dagbag.py:538} INFO - Filling up the DagBag from /opt/airflow/dags/pipeline_dag.py
[2026-04-27T20:05:35.921+0000] {processor.py:840} INFO - DAG(s) 'energy_pipeline' retrieved from /opt/airflow/dags/pipeline_dag.py
[2026-04-27T20:05:35.954+0000] {logging_mixin.py:188} INFO - [2026-04-27T20:05:35.953+0000] {dag.py:3036} INFO - Sync 1 DAGs
[2026-04-27T20:05:35.983+0000] {logging_mixin.py:188} INFO - [2026-04-27T20:05:35.983+0000] {dag.py:3823} INFO - Setting next_dagrun for energy_pipeline to 2026-04-27 00:00:00+00:00, run_after=2026-04-28 00:00:00+00:00
[2026-04-27T20:05:36.008+0000] {processor.py:183} INFO - Processing /opt/airflow/dags/pipeline_dag.py took 0.116 seconds
[2026-04-27T20:06:06.182+0000] {processor.py:161} INFO - Started process (PID=141) to work on /opt/airflow/dags/pipeline_dag.py
[2026-04-27T20:06:06.184+0000] {processor.py:830} INFO - Processing file /opt/airflow/dags/pipeline_dag.py for tasks to queue
[2026-04-27T20:06:06.186+0000] {logging_mixin.py:188} INFO - [2026-04-27T20:06:06.185+0000] {dagbag.py:538} INFO - Filling up the DagBag from /opt/airflow/dags/pipeline_dag.py
[2026-04-27T20:06:06.209+0000] {processor.py:840} INFO - DAG(s) 'energy_pipeline' retrieved from /opt/airflow/dags/pipeline_dag.py
[2026-04-27T20:06:06.244+0000] {logging_mixin.py:188} INFO - [2026-04-27T20:06:06.243+0000] {dag.py:3036} INFO - Sync 1 DAGs
[2026-04-27T20:06:06.276+0000] {logging_mixin.py:188} INFO - [2026-04-27T20:06:06.276+0000] {dag.py:3823} INFO - Setting next_dagrun for energy_pipeline to 2026-04-27 00:00:00+00:00, run_after=2026-04-28 00:00:00+00:00
[2026-04-27T20:06:06.304+0000] {processor.py:183} INFO - Processing /opt/airflow/dags/pipeline_dag.py took 0.127 seconds
[2026-04-27T20:06:36.467+0000] {processor.py:161} INFO - Started process (PID=145) to work on /opt/airflow/dags/pipeline_dag.py
[2026-04-27T20:06:36.469+0000] {processor.py:830} INFO - Processing file /opt/airflow/dags/pipeline_dag.py for tasks to queue
[2026-04-27T20:06:36.470+0000] {logging_mixin.py:188} INFO - [2026-04-27T20:06:36.470+0000] {dagbag.py:538} INFO - Filling up the DagBag from /opt/airflow/dags/pipeline_dag.py
[2026-04-27T20:06:36.498+0000] {processor.py:840} INFO - DAG(s) 'energy_pipeline' retrieved from /opt/airflow/dags/pipeline_dag.py
[2026-04-27T20:06:36.543+0000] {logging_mixin.py:188} INFO - [2026-04-27T20:06:36.543+0000] {dag.py:3036} INFO - Sync 1 DAGs
[2026-04-27T20:06:36.580+0000] {logging_mixin.py:188} INFO - [2026-04-27T20:06:36.580+0000] {dag.py:3823} INFO - Setting next_dagrun for energy_pipeline to 2026-04-27 00:00:00+00:00, run_after=2026-04-28 00:00:00+00:00
[2026-04-27T20:06:36.617+0000] {processor.py:183} INFO - Processing /opt/airflow/dags/pipeline_dag.py took 0.155 seconds
[2026-04-27T20:07:06.743+0000] {processor.py:161} INFO - Started process (PID=146) to work on /opt/airflow/dags/pipeline_dag.py
[2026-04-27T20:07:06.744+0000] {processor.py:830} INFO - Processing file /opt/airflow/dags/pipeline_dag.py for tasks to queue
[2026-04-27T20:07:06.746+0000] {logging_mixin.py:188} INFO - [2026-04-27T20:07:06.745+0000] {dagbag.py:538} INFO - Filling up the DagBag from /opt/airflow/dags/pipeline_dag.py
[2026-04-27T20:07:06.767+0000] {processor.py:840} INFO - DAG(s) 'energy_pipeline' retrieved from /opt/airflow/dags/pipeline_dag.py
[2026-04-27T20:07:06.802+0000] {logging_mixin.py:188} INFO - [2026-04-27T20:07:06.802+0000] {dag.py:3036} INFO - Sync 1 DAGs
[2026-04-27T20:07:06.838+0000] {logging_mixin.py:188} INFO - [2026-04-27T20:07:06.838+0000] {dag.py:3823} INFO - Setting next_dagrun for energy_pipeline to 2026-04-27 00:00:00+00:00, run_after=2026-04-28 00:00:00+00:00
[2026-04-27T20:07:06.874+0000] {processor.py:183} INFO - Processing /opt/airflow/dags/pipeline_dag.py took 0.136 seconds
[2026-04-27T20:07:37.043+0000] {processor.py:161} INFO - Started process (PID=148) to work on /opt/airflow/dags/pipeline_dag.py
[2026-04-27T20:07:37.044+0000] {processor.py:830} INFO - Processing file /opt/airflow/dags/pipeline_dag.py for tasks to queue
[2026-04-27T20:07:37.045+0000] {logging_mixin.py:188} INFO - [2026-04-27T20:07:37.045+0000] {dagbag.py:538} INFO - Filling up the DagBag from /opt/airflow/dags/pipeline_dag.py
[2026-04-27T20:07:37.065+0000] {processor.py:840} INFO - DAG(s) 'energy_pipeline' retrieved from /opt/airflow/dags/pipeline_dag.py
[2026-04-27T20:07:37.095+0000] {logging_mixin.py:188} INFO - [2026-04-27T20:07:37.095+0000] {dag.py:3036} INFO - Sync 1 DAGs
[2026-04-27T20:07:37.124+0000] {logging_mixin.py:188} INFO - [2026-04-27T20:07:37.124+0000] {dag.py:3823} INFO - Setting next_dagrun for energy_pipeline to 2026-04-27 00:00:00+00:00, run_after=2026-04-28 00:00:00+00:00
[2026-04-27T20:07:37.148+0000] {processor.py:183} INFO - Processing /opt/airflow/dags/pipeline_dag.py took 0.109 seconds
[2026-04-27T20:08:07.301+0000] {processor.py:161} INFO - Started process (PID=149) to work on /opt/airflow/dags/pipeline_dag.py
[2026-04-27T20:08:07.303+0000] {processor.py:830} INFO - Processing file /opt/airflow/dags/pipeline_dag.py for tasks to queue
[2026-04-27T20:08:07.304+0000] {logging_mixin.py:188} INFO - [2026-04-27T20:08:07.304+0000] {dagbag.py:538} INFO - Filling up the DagBag from /opt/airflow/dags/pipeline_dag.py
[2026-04-27T20:08:07.327+0000] {processor.py:840} INFO - DAG(s) 'energy_pipeline' retrieved from /opt/airflow/dags/pipeline_dag.py
[2026-04-27T20:08:07.359+0000] {logging_mixin.py:188} INFO - [2026-04-27T20:08:07.359+0000] {dag.py:3036} INFO - Sync 1 DAGs
[2026-04-27T20:08:07.389+0000] {logging_mixin.py:188} INFO - [2026-04-27T20:08:07.388+0000] {dag.py:3823} INFO - Setting next_dagrun for energy_pipeline to 2026-04-27 00:00:00+00:00, run_after=2026-04-28 00:00:00+00:00
[2026-04-27T20:08:07.413+0000] {processor.py:183} INFO - Processing /opt/airflow/dags/pipeline_dag.py took 0.116 seconds
[2026-04-27T20:08:37.570+0000] {processor.py:161} INFO - Started process (PID=151) to work on /opt/airflow/dags/pipeline_dag.py
[2026-04-27T20:08:37.572+0000] {processor.py:830} INFO - Processing file /opt/airflow/dags/pipeline_dag.py for tasks to queue
[2026-04-27T20:08:37.573+0000] {logging_mixin.py:188} INFO - [2026-04-27T20:08:37.572+0000] {dagbag.py:538} INFO - Filling up the DagBag from /opt/airflow/dags/pipeline_dag.py
[2026-04-27T20:08:37.599+0000] {processor.py:840} INFO - DAG(s) 'energy_pipeline' retrieved from /opt/airflow/dags/pipeline_dag.py
[2026-04-27T20:08:37.641+0000] {logging_mixin.py:188} INFO - [2026-04-27T20:08:37.640+0000] {dag.py:3036} INFO - Sync 1 DAGs
[2026-04-27T20:08:37.675+0000] {logging_mixin.py:188} INFO - [2026-04-27T20:08:37.675+0000] {dag.py:3823} INFO - Setting next_dagrun for energy_pipeline to 2026-04-27 00:00:00+00:00, run_after=2026-04-28 00:00:00+00:00
[2026-04-27T20:08:37.713+0000] {processor.py:183} INFO - Processing /opt/airflow/dags/pipeline_dag.py took 0.148 seconds
[2026-04-27T20:09:07.868+0000] {processor.py:161} INFO - Started process (PID=152) to work on /opt/airflow/dags/pipeline_dag.py
[2026-04-27T20:09:07.870+0000] {processor.py:830} INFO - Processing file /opt/airflow/dags/pipeline_dag.py for tasks to queue
[2026-04-27T20:09:07.872+0000] {logging_mixin.py:188} INFO - [2026-04-27T20:09:07.871+0000] {dagbag.py:538} INFO - Filling up the DagBag from /opt/airflow/dags/pipeline_dag.py
[2026-04-27T20:09:07.896+0000] {processor.py:840} INFO - DAG(s) 'energy_pipeline' retrieved from /opt/airflow/dags/pipeline_dag.py
[2026-04-27T20:09:07.933+0000] {logging_mixin.py:188} INFO - [2026-04-27T20:09:07.932+0000] {dag.py:3036} INFO - Sync 1 DAGs
[2026-04-27T20:09:07.964+0000] {logging_mixin.py:188} INFO - [2026-04-27T20:09:07.963+0000] {dag.py:3823} INFO - Setting next_dagrun for energy_pipeline to 2026-04-27 00:00:00+00:00, run_after=2026-04-28 00:00:00+00:00
[2026-04-27T20:09:07.991+0000] {processor.py:183} INFO - Processing /opt/airflow/dags/pipeline_dag.py took 0.127 seconds
[2026-04-27T20:09:38.639+0000] {processor.py:161} INFO - Started process (PID=188) to work on /opt/airflow/dags/pipeline_dag.py
[2026-04-27T20:09:38.641+0000] {processor.py:830} INFO - Processing file /opt/airflow/dags/pipeline_dag.py for tasks to queue
[2026-04-27T20:09:38.643+0000] {logging_mixin.py:188} INFO - [2026-04-27T20:09:38.642+0000] {dagbag.py:538} INFO - Filling up the DagBag from /opt/airflow/dags/pipeline_dag.py
[2026-04-27T20:09:38.670+0000] {processor.py:840} INFO - DAG(s) 'energy_pipeline' retrieved from /opt/airflow/dags/pipeline_dag.py
[2026-04-27T20:09:38.706+0000] {logging_mixin.py:188} INFO - [2026-04-27T20:09:38.706+0000] {dag.py:3036} INFO - Sync 1 DAGs
[2026-04-27T20:09:38.738+0000] {logging_mixin.py:188} INFO - [2026-04-27T20:09:38.738+0000] {dag.py:3823} INFO - Setting next_dagrun for energy_pipeline to 2026-04-27 00:00:00+00:00, run_after=2026-04-28 00:00:00+00:00
[2026-04-27T20:09:38.765+0000] {processor.py:183} INFO - Processing /opt/airflow/dags/pipeline_dag.py took 0.130 seconds
[2026-04-27T20:10:09.738+0000] {processor.py:161} INFO - Started process (PID=189) to work on /opt/airflow/dags/pipeline_dag.py
[2026-04-27T20:10:09.740+0000] {processor.py:830} INFO - Processing file /opt/airflow/dags/pipeline_dag.py for tasks to queue
[2026-04-27T20:10:09.741+0000] {logging_mixin.py:188} INFO - [2026-04-27T20:10:09.741+0000] {dagbag.py:538} INFO - Filling up the DagBag from /opt/airflow/dags/pipeline_dag.py
[2026-04-27T20:10:09.760+0000] {processor.py:840} INFO - DAG(s) 'energy_pipeline' retrieved from /opt/airflow/dags/pipeline_dag.py
[2026-04-27T20:10:09.788+0000] {logging_mixin.py:188} INFO - [2026-04-27T20:10:09.787+0000] {dag.py:3036} INFO - Sync 1 DAGs
[2026-04-27T20:10:09.814+0000] {logging_mixin.py:188} INFO - [2026-04-27T20:10:09.813+0000] {dag.py:3823} INFO - Setting next_dagrun for energy_pipeline to 2026-04-27 00:00:00+00:00, run_after=2026-04-28 00:00:00+00:00
[2026-04-27T20:10:09.836+0000] {processor.py:183} INFO - Processing /opt/airflow/dags/pipeline_dag.py took 0.102 seconds
[2026-04-27T20:10:40.285+0000] {processor.py:161} INFO - Started process (PID=190) to work on /opt/airflow/dags/pipeline_dag.py
[2026-04-27T20:10:40.286+0000] {processor.py:830} INFO - Processing file /opt/airflow/dags/pipeline_dag.py for tasks to queue
[2026-04-27T20:10:40.288+0000] {logging_mixin.py:188} INFO - [2026-04-27T20:10:40.288+0000] {dagbag.py:538} INFO - Filling up the DagBag from /opt/airflow/dags/pipeline_dag.py
[2026-04-27T20:10:40.312+0000] {processor.py:840} INFO - DAG(s) 'energy_pipeline' retrieved from /opt/airflow/dags/pipeline_dag.py
[2026-04-27T20:10:40.346+0000] {logging_mixin.py:188} INFO - [2026-04-27T20:10:40.346+0000] {dag.py:3036} INFO - Sync 1 DAGs
[2026-04-27T20:10:40.376+0000] {logging_mixin.py:188} INFO - [2026-04-27T20:10:40.376+0000] {dag.py:3823} INFO - Setting next_dagrun for energy_pipeline to 2026-04-27 00:00:00+00:00, run_after=2026-04-28 00:00:00+00:00
[2026-04-27T20:10:40.401+0000] {processor.py:183} INFO - Processing /opt/airflow/dags/pipeline_dag.py took 0.121 seconds
[2026-04-27T20:11:10.862+0000] {processor.py:161} INFO - Started process (PID=191) to work on /opt/airflow/dags/pipeline_dag.py
[2026-04-27T20:11:10.865+0000] {processor.py:830} INFO - Processing file /opt/airflow/dags/pipeline_dag.py for tasks to queue
[2026-04-27T20:11:10.867+0000] {logging_mixin.py:188} INFO - [2026-04-27T20:11:10.866+0000] {dagbag.py:538} INFO - Filling up the DagBag from /opt/airflow/dags/pipeline_dag.py
[2026-04-27T20:11:10.899+0000] {processor.py:840} INFO - DAG(s) 'energy_pipeline' retrieved from /opt/airflow/dags/pipeline_dag.py
[2026-04-27T20:11:10.944+0000] {logging_mixin.py:188} INFO - [2026-04-27T20:11:10.944+0000] {dag.py:3036} INFO - Sync 1 DAGs
[2026-04-27T20:11:10.983+0000] {logging_mixin.py:188} INFO - [2026-04-27T20:11:10.982+0000] {dag.py:3823} INFO - Setting next_dagrun for energy_pipeline to 2026-04-27 00:00:00+00:00, run_after=2026-04-28 00:00:00+00:00
[2026-04-27T20:11:11.016+0000] {processor.py:183} INFO - Processing /opt/airflow/dags/pipeline_dag.py took 0.160 seconds
[2026-04-27T22:11:26.004+0000] {processor.py:161} INFO - Started process (PID=194) to work on /opt/airflow/dags/pipeline_dag.py
[2026-04-27T22:11:26.008+0000] {processor.py:830} INFO - Processing file /opt/airflow/dags/pipeline_dag.py for tasks to queue
[2026-04-27T22:11:26.012+0000] {logging_mixin.py:188} INFO - [2026-04-27T22:11:26.010+0000] {dagbag.py:538} INFO - Filling up the DagBag from /opt/airflow/dags/pipeline_dag.py
[2026-04-27T22:11:26.146+0000] {processor.py:840} INFO - DAG(s) 'energy_pipeline' retrieved from /opt/airflow/dags/pipeline_dag.py
[2026-04-27T22:11:26.327+0000] {logging_mixin.py:188} INFO - [2026-04-27T22:11:26.326+0000] {dag.py:3036} INFO - Sync 1 DAGs
[2026-04-27T22:11:26.441+0000] {logging_mixin.py:188} INFO - [2026-04-27T22:11:26.440+0000] {dag.py:3823} INFO - Setting next_dagrun for energy_pipeline to 2026-04-27 00:00:00+00:00, run_after=2026-04-28 00:00:00+00:00
[2026-04-27T22:11:26.533+0000] {processor.py:183} INFO - Processing /opt/airflow/dags/pipeline_dag.py took 0.538 seconds
[2026-04-27T23:12:36.874+0000] {processor.py:161} INFO - Started process (PID=199) to work on /opt/airflow/dags/pipeline_dag.py
[2026-04-27T23:12:36.883+0000] {processor.py:830} INFO - Processing file /opt/airflow/dags/pipeline_dag.py for tasks to queue
[2026-04-27T23:12:36.911+0000] {logging_mixin.py:188} INFO - [2026-04-27T23:12:36.901+0000] {dagbag.py:538} INFO - Filling up the DagBag from /opt/airflow/dags/pipeline_dag.py
[2026-04-27T23:12:37.147+0000] {processor.py:840} INFO - DAG(s) 'energy_pipeline' retrieved from /opt/airflow/dags/pipeline_dag.py
[2026-04-27T23:12:37.465+0000] {logging_mixin.py:188} INFO - [2026-04-27T23:12:37.463+0000] {dag.py:3036} INFO - Sync 1 DAGs
[2026-04-27T23:12:37.648+0000] {logging_mixin.py:188} INFO - [2026-04-27T23:12:37.647+0000] {dag.py:3823} INFO - Setting next_dagrun for energy_pipeline to 2026-04-27 00:00:00+00:00, run_after=2026-04-28 00:00:00+00:00
[2026-04-27T23:12:37.761+0000] {processor.py:183} INFO - Processing /opt/airflow/dags/pipeline_dag.py took 0.931 seconds
[2026-04-27T23:56:52.984+0000] {processor.py:161} INFO - Started process (PID=203) to work on /opt/airflow/dags/pipeline_dag.py
[2026-04-27T23:56:52.993+0000] {processor.py:830} INFO - Processing file /opt/airflow/dags/pipeline_dag.py for tasks to queue
[2026-04-27T23:56:53.004+0000] {logging_mixin.py:188} INFO - [2026-04-27T23:56:52.999+0000] {dagbag.py:538} INFO - Filling up the DagBag from /opt/airflow/dags/pipeline_dag.py
[2026-04-27T23:56:53.172+0000] {processor.py:840} INFO - DAG(s) 'energy_pipeline' retrieved from /opt/airflow/dags/pipeline_dag.py
[2026-04-27T23:56:53.331+0000] {logging_mixin.py:188} INFO - [2026-04-27T23:56:53.331+0000] {dag.py:3036} INFO - Sync 1 DAGs
[2026-04-27T23:56:53.489+0000] {logging_mixin.py:188} INFO - [2026-04-27T23:56:53.488+0000] {dag.py:3823} INFO - Setting next_dagrun for energy_pipeline to 2026-04-27 00:00:00+00:00, run_after=2026-04-28 00:00:00+00:00
[2026-04-27T23:56:53.579+0000] {processor.py:183} INFO - Processing /opt/airflow/dags/pipeline_dag.py took 0.632 seconds
