[2026-04-28T09:39:31.806+0000] {taskinstance.py:1956} INFO - Dependencies all met for dep_context=non-requeueable deps ti=<TaskInstance: energy_pipeline.training manual__2026-04-28T09:15:37.595678+00:00 [queued]>
[2026-04-28T09:39:31.815+0000] {taskinstance.py:1956} INFO - Dependencies all met for dep_context=requeueable deps ti=<TaskInstance: energy_pipeline.training manual__2026-04-28T09:15:37.595678+00:00 [queued]>
[2026-04-28T09:39:31.815+0000] {taskinstance.py:2170} INFO - Starting attempt 6 of 8
[2026-04-28T09:39:31.832+0000] {taskinstance.py:2191} INFO - Executing <Task(PythonOperator): training> on 2026-04-28 09:15:37.595678+00:00
[2026-04-28T09:39:31.838+0000] {standard_task_runner.py:60} INFO - Started process 369 to run task
[2026-04-28T09:39:31.842+0000] {standard_task_runner.py:87} INFO - Running: ['airflow', 'tasks', 'run', 'energy_pipeline', 'training', 'manual__2026-04-28T09:15:37.595678+00:00', '--job-id', '63', '--raw', '--subdir', 'DAGS_FOLDER/pipeline_dag.py', '--cfg-path', '/tmp/tmp2erwyrla']
[2026-04-28T09:39:31.845+0000] {standard_task_runner.py:88} INFO - Job 63: Subtask training
[2026-04-28T09:39:31.920+0000] {task_command.py:423} INFO - Running <TaskInstance: energy_pipeline.training manual__2026-04-28T09:15:37.595678+00:00 [running]> on host bcad151a1f42
[2026-04-28T09:39:32.002+0000] {taskinstance.py:2480} INFO - Exporting env vars: AIRFLOW_CTX_DAG_OWNER='airflow' AIRFLOW_CTX_DAG_ID='energy_pipeline' AIRFLOW_CTX_TASK_ID='training' AIRFLOW_CTX_EXECUTION_DATE='2026-04-28T09:15:37.595678+00:00' AIRFLOW_CTX_TRY_NUMBER='6' AIRFLOW_CTX_DAG_RUN_ID='manual__2026-04-28T09:15:37.595678+00:00'
[2026-04-28T09:39:32.003+0000] {pipeline_dag.py:37} INFO - Starting training...
[2026-04-28T09:41:37.377+0000] {local_task_job_runner.py:302} WARNING - State of this instance has been externally set to restarting. Terminating instance.
[2026-04-28T09:41:37.379+0000] {process_utils.py:131} INFO - Sending 15 to group 369. PIDs of all processes in the group: [370, 369]
[2026-04-28T09:41:37.379+0000] {process_utils.py:86} INFO - Sending the signal 15 to group 369
[2026-04-28T09:41:37.380+0000] {taskinstance.py:2450} ERROR - Received SIGTERM. Terminating subprocesses.
[2026-04-28T09:41:37.390+0000] {process_utils.py:79} INFO - Process psutil.Process(pid=370, status='terminated', started='09:39:31') (370) terminated with exit code None
[2026-04-28T09:41:37.395+0000] {taskinstance.py:2698} ERROR - Task failed with exception
Traceback (most recent call last):
  File "/home/airflow/.local/lib/python3.11/site-packages/airflow/models/taskinstance.py", line 433, in _execute_task
    result = execute_callable(context=context, **execute_callable_kwargs)
             ^^^^^^^^^^^^^^^^^^^^^^^^^^^^^^^^^^^^^^^^^^^^^^^^^^^^^^^^^^^^
  File "/home/airflow/.local/lib/python3.11/site-packages/airflow/operators/python.py", line 199, in execute
    return_value = self.execute_callable()
                   ^^^^^^^^^^^^^^^^^^^^^^^
  File "/home/airflow/.local/lib/python3.11/site-packages/airflow/operators/python.py", line 216, in execute_callable
    return self.python_callable(*self.op_args, **self.op_kwargs)
           ^^^^^^^^^^^^^^^^^^^^^^^^^^^^^^^^^^^^^^^^^^^^^^^^^^^^^
  File "/opt/airflow/dags/pipeline_dag.py", line 38, in training_task
    subprocess.run(["python", "/opt/airflow/src/train.py"], check=True)
  File "/usr/local/lib/python3.11/subprocess.py", line 550, in run
    stdout, stderr = process.communicate(input, timeout=timeout)
                     ^^^^^^^^^^^^^^^^^^^^^^^^^^^^^^^^^^^^^^^^^^^
  File "/usr/local/lib/python3.11/subprocess.py", line 1201, in communicate
    self.wait()
  File "/usr/local/lib/python3.11/subprocess.py", line 1264, in wait
    return self._wait(timeout=timeout)
           ^^^^^^^^^^^^^^^^^^^^^^^^^^^
  File "/usr/local/lib/python3.11/subprocess.py", line 2051, in _wait
    (pid, sts) = self._try_wait(0)
                 ^^^^^^^^^^^^^^^^^
  File "/usr/local/lib/python3.11/subprocess.py", line 2009, in _try_wait
    (pid, sts) = os.waitpid(self.pid, wait_flags)
                 ^^^^^^^^^^^^^^^^^^^^^^^^^^^^^^^^
  File "/home/airflow/.local/lib/python3.11/site-packages/airflow/models/taskinstance.py", line 2452, in signal_handler
    raise AirflowException("Task received SIGTERM signal")
airflow.exceptions.AirflowException: Task received SIGTERM signal
[2026-04-28T09:41:37.399+0000] {taskinstance.py:1138} INFO - Marking task as UP_FOR_RETRY. dag_id=energy_pipeline, task_id=training, execution_date=20260428T091537, start_date=20260428T093931, end_date=20260428T094137
[2026-04-28T09:41:37.411+0000] {standard_task_runner.py:107} ERROR - Failed to execute job 63 for task training (Task received SIGTERM signal; 369)
[2026-04-28T09:41:37.415+0000] {process_utils.py:79} INFO - Process psutil.Process(pid=369, status='terminated', exitcode=1) (369) terminated with exit code 1
