[2026-04-27T20:09:31.847+0000] {taskinstance.py:1956} INFO - Dependencies all met for dep_context=non-requeueable deps ti=<TaskInstance: energy_pipeline.ingestion manual__2026-04-27T20:09:26.287146+00:00 [queued]>
[2026-04-27T20:09:31.854+0000] {taskinstance.py:1956} INFO - Dependencies all met for dep_context=requeueable deps ti=<TaskInstance: energy_pipeline.ingestion manual__2026-04-27T20:09:26.287146+00:00 [queued]>
[2026-04-27T20:09:31.855+0000] {taskinstance.py:2170} INFO - Starting attempt 1 of 1
[2026-04-27T20:09:31.869+0000] {taskinstance.py:2191} INFO - Executing <Task(BashOperator): ingestion> on 2026-04-27 20:09:26.287146+00:00
[2026-04-27T20:09:31.876+0000] {standard_task_runner.py:60} INFO - Started process 170 to run task
[2026-04-27T20:09:31.881+0000] {standard_task_runner.py:87} INFO - Running: ['airflow', 'tasks', 'run', 'energy_pipeline', 'ingestion', 'manual__2026-04-27T20:09:26.287146+00:00', '--job-id', '6', '--raw', '--subdir', 'DAGS_FOLDER/pipeline_dag.py', '--cfg-path', '/tmp/tmp74y4hqml']
[2026-04-27T20:09:31.885+0000] {standard_task_runner.py:88} INFO - Job 6: Subtask ingestion
[2026-04-27T20:09:31.940+0000] {task_command.py:423} INFO - Running <TaskInstance: energy_pipeline.ingestion manual__2026-04-27T20:09:26.287146+00:00 [running]> on host e2a4d77dd15e
[2026-04-27T20:09:32.018+0000] {taskinstance.py:2480} INFO - Exporting env vars: AIRFLOW_CTX_DAG_OWNER='airflow' AIRFLOW_CTX_DAG_ID='energy_pipeline' AIRFLOW_CTX_TASK_ID='ingestion' AIRFLOW_CTX_EXECUTION_DATE='2026-04-27T20:09:26.287146+00:00' AIRFLOW_CTX_TRY_NUMBER='1' AIRFLOW_CTX_DAG_RUN_ID='manual__2026-04-27T20:09:26.287146+00:00'
[2026-04-27T20:09:32.019+0000] {subprocess.py:63} INFO - Tmp dir root location: /tmp
[2026-04-27T20:09:32.021+0000] {subprocess.py:75} INFO - Running command: ['/usr/bin/bash', '-c', 'python /opt/airflow/src/ingestion.py']
[2026-04-27T20:09:32.035+0000] {subprocess.py:86} INFO - Output:
[2026-04-27T20:09:33.165+0000] {subprocess.py:93} INFO - Traceback (most recent call last):
[2026-04-27T20:09:33.165+0000] {subprocess.py:93} INFO -   File "/opt/airflow/src/ingestion.py", line 13, in <module>
[2026-04-27T20:09:33.166+0000] {subprocess.py:93} INFO -     df = load_data("data/raw/household_power_consumption.txt")
[2026-04-27T20:09:33.167+0000] {subprocess.py:93} INFO -          ^^^^^^^^^^^^^^^^^^^^^^^^^^^^^^^^^^^^^^^^^^^^^^^^^^^^^
[2026-04-27T20:09:33.167+0000] {subprocess.py:93} INFO -   File "/opt/airflow/src/ingestion.py", line 9, in load_data
[2026-04-27T20:09:33.168+0000] {subprocess.py:93} INFO -     df = pd.read_csv(path, sep=';', low_memory=False)
[2026-04-27T20:09:33.169+0000] {subprocess.py:93} INFO -          ^^^^^^^^^^^^^^^^^^^^^^^^^^^^^^^^^^^^^^^^^^^^
[2026-04-27T20:09:33.169+0000] {subprocess.py:93} INFO -   File "/home/airflow/.local/lib/python3.11/site-packages/pandas/io/parsers/readers.py", line 1026, in read_csv
[2026-04-27T20:09:33.170+0000] {subprocess.py:93} INFO -     return _read(filepath_or_buffer, kwds)
[2026-04-27T20:09:33.170+0000] {subprocess.py:93} INFO -            ^^^^^^^^^^^^^^^^^^^^^^^^^^^^^^^
[2026-04-27T20:09:33.171+0000] {subprocess.py:93} INFO -   File "/home/airflow/.local/lib/python3.11/site-packages/pandas/io/parsers/readers.py", line 620, in _read
[2026-04-27T20:09:33.172+0000] {subprocess.py:93} INFO -     parser = TextFileReader(filepath_or_buffer, **kwds)
[2026-04-27T20:09:33.172+0000] {subprocess.py:93} INFO -              ^^^^^^^^^^^^^^^^^^^^^^^^^^^^^^^^^^^^^^^^^^
[2026-04-27T20:09:33.173+0000] {subprocess.py:93} INFO -   File "/home/airflow/.local/lib/python3.11/site-packages/pandas/io/parsers/readers.py", line 1620, in __init__
[2026-04-27T20:09:33.173+0000] {subprocess.py:93} INFO -     self._engine = self._make_engine(f, self.engine)
[2026-04-27T20:09:33.174+0000] {subprocess.py:93} INFO -                    ^^^^^^^^^^^^^^^^^^^^^^^^^^^^^^^^^
[2026-04-27T20:09:33.174+0000] {subprocess.py:93} INFO -   File "/home/airflow/.local/lib/python3.11/site-packages/pandas/io/parsers/readers.py", line 1880, in _make_engine
[2026-04-27T20:09:33.175+0000] {subprocess.py:93} INFO -     self.handles = get_handle(
[2026-04-27T20:09:33.175+0000] {subprocess.py:93} INFO -                    ^^^^^^^^^^^
[2026-04-27T20:09:33.176+0000] {subprocess.py:93} INFO -   File "/home/airflow/.local/lib/python3.11/site-packages/pandas/io/common.py", line 873, in get_handle
[2026-04-27T20:09:33.176+0000] {subprocess.py:93} INFO -     handle = open(
[2026-04-27T20:09:33.177+0000] {subprocess.py:93} INFO -              ^^^^^
[2026-04-27T20:09:33.178+0000] {subprocess.py:93} INFO - FileNotFoundError: [Errno 2] No such file or directory: 'data/raw/household_power_consumption.txt'
[2026-04-27T20:09:33.313+0000] {subprocess.py:97} INFO - Command exited with return code 1
[2026-04-27T20:09:33.323+0000] {taskinstance.py:2698} ERROR - Task failed with exception
Traceback (most recent call last):
  File "/home/airflow/.local/lib/python3.11/site-packages/airflow/models/taskinstance.py", line 433, in _execute_task
    result = execute_callable(context=context, **execute_callable_kwargs)
             ^^^^^^^^^^^^^^^^^^^^^^^^^^^^^^^^^^^^^^^^^^^^^^^^^^^^^^^^^^^^
  File "/home/airflow/.local/lib/python3.11/site-packages/airflow/operators/bash.py", line 212, in execute
    raise AirflowException(
airflow.exceptions.AirflowException: Bash command failed. The command returned a non-zero exit code 1.
[2026-04-27T20:09:33.329+0000] {taskinstance.py:1138} INFO - Marking task as FAILED. dag_id=energy_pipeline, task_id=ingestion, execution_date=20260427T200926, start_date=20260427T200931, end_date=20260427T200933
[2026-04-27T20:09:33.345+0000] {standard_task_runner.py:107} ERROR - Failed to execute job 6 for task ingestion (Bash command failed. The command returned a non-zero exit code 1.; 170)
[2026-04-27T20:09:33.356+0000] {local_task_job_runner.py:234} INFO - Task exited with return code 1
[2026-04-27T20:09:33.384+0000] {taskinstance.py:3280} INFO - 0 downstream tasks scheduled from follow-on schedule check
