[2026-04-28T11:02:38.598+0000] {taskinstance.py:1956} INFO - Dependencies all met for dep_context=non-requeueable deps ti=<TaskInstance: energy_pipeline.training manual__2026-04-28T10:54:21.843907+00:00 [queued]>
[2026-04-28T11:02:38.607+0000] {taskinstance.py:1956} INFO - Dependencies all met for dep_context=requeueable deps ti=<TaskInstance: energy_pipeline.training manual__2026-04-28T10:54:21.843907+00:00 [queued]>
[2026-04-28T11:02:38.607+0000] {taskinstance.py:2170} INFO - Starting attempt 2 of 3
[2026-04-28T11:02:38.625+0000] {taskinstance.py:2191} INFO - Executing <Task(PythonOperator): training> on 2026-04-28 10:54:21.843907+00:00
[2026-04-28T11:02:38.632+0000] {standard_task_runner.py:60} INFO - Started process 334 to run task
[2026-04-28T11:02:38.637+0000] {standard_task_runner.py:87} INFO - Running: ['airflow', 'tasks', 'run', 'energy_pipeline', 'training', 'manual__2026-04-28T10:54:21.843907+00:00', '--job-id', '141', '--raw', '--subdir', 'DAGS_FOLDER/pipeline_dag.py', '--cfg-path', '/tmp/tmpa4jsp6k8']
[2026-04-28T11:02:38.639+0000] {standard_task_runner.py:88} INFO - Job 141: Subtask training
[2026-04-28T11:02:38.700+0000] {task_command.py:423} INFO - Running <TaskInstance: energy_pipeline.training manual__2026-04-28T10:54:21.843907+00:00 [running]> on host 02c6303ed8ed
[2026-04-28T11:02:38.796+0000] {taskinstance.py:2480} INFO - Exporting env vars: AIRFLOW_CTX_DAG_OWNER='airflow' AIRFLOW_CTX_DAG_ID='energy_pipeline' AIRFLOW_CTX_TASK_ID='training' AIRFLOW_CTX_EXECUTION_DATE='2026-04-28T10:54:21.843907+00:00' AIRFLOW_CTX_TRY_NUMBER='2' AIRFLOW_CTX_DAG_RUN_ID='manual__2026-04-28T10:54:21.843907+00:00'
[2026-04-28T11:02:38.798+0000] {pipeline_dag.py:37} INFO - Starting training...
[2026-04-28T11:02:47.234+0000] {taskinstance.py:2698} ERROR - Task failed with exception
Traceback (most recent call last):
  File "/home/airflow/.local/lib/python3.11/site-packages/airflow/models/taskinstance.py", line 433, in _execute_task
    result = execute_callable(context=context, **execute_callable_kwargs)
             ^^^^^^^^^^^^^^^^^^^^^^^^^^^^^^^^^^^^^^^^^^^^^^^^^^^^^^^^^^^^
  File "/home/airflow/.local/lib/python3.11/site-packages/airflow/operators/python.py", line 199, in execute
    return_value = self.execute_callable()
                   ^^^^^^^^^^^^^^^^^^^^^^^
  File "/home/airflow/.local/lib/python3.11/site-packages/airflow/operators/python.py", line 216, in execute_callable
    return self.python_callable(*self.op_args, **self.op_kwargs)
           ^^^^^^^^^^^^^^^^^^^^^^^^^^^^^^^^^^^^^^^^^^^^^^^^^^^^^
  File "/opt/airflow/dags/pipeline_dag.py", line 38, in training_task
    subprocess.run(["python", "/opt/airflow/src/train.py"], check=True)
  File "/usr/local/lib/python3.11/subprocess.py", line 571, in run
    raise CalledProcessError(retcode, process.args,
subprocess.CalledProcessError: Command '['python', '/opt/airflow/src/train.py']' returned non-zero exit status 1.
[2026-04-28T11:02:47.245+0000] {taskinstance.py:1138} INFO - Marking task as UP_FOR_RETRY. dag_id=energy_pipeline, task_id=training, execution_date=20260428T105421, start_date=20260428T110238, end_date=20260428T110247
[2026-04-28T11:02:47.261+0000] {standard_task_runner.py:107} ERROR - Failed to execute job 141 for task training (Command '['python', '/opt/airflow/src/train.py']' returned non-zero exit status 1.; 334)
[2026-04-28T11:02:47.269+0000] {local_task_job_runner.py:234} INFO - Task exited with return code 1
[2026-04-28T11:02:47.289+0000] {taskinstance.py:3280} INFO - 0 downstream tasks scheduled from follow-on schedule check
