[2026-04-28T02:16:06.644+0000] {taskinstance.py:1956} INFO - Dependencies all met for dep_context=non-requeueable deps ti=<TaskInstance: energy_pipeline.ingestion scheduled__2026-04-27T00:00:00+00:00 [queued]>
[2026-04-28T02:16:06.669+0000] {taskinstance.py:1956} INFO - Dependencies all met for dep_context=requeueable deps ti=<TaskInstance: energy_pipeline.ingestion scheduled__2026-04-27T00:00:00+00:00 [queued]>
[2026-04-28T02:16:06.671+0000] {taskinstance.py:2170} INFO - Starting attempt 1 of 1
[2026-04-28T02:16:06.719+0000] {taskinstance.py:2191} INFO - Executing <Task(BashOperator): ingestion> on 2026-04-27 00:00:00+00:00
[2026-04-28T02:16:06.747+0000] {standard_task_runner.py:60} INFO - Started process 243 to run task
[2026-04-28T02:16:06.767+0000] {standard_task_runner.py:87} INFO - Running: ['airflow', 'tasks', 'run', 'energy_pipeline', 'ingestion', 'scheduled__2026-04-27T00:00:00+00:00', '--job-id', '7', '--raw', '--subdir', 'DAGS_FOLDER/pipeline_dag.py', '--cfg-path', '/tmp/tmpgqugied_']
[2026-04-28T02:16:06.778+0000] {standard_task_runner.py:88} INFO - Job 7: Subtask ingestion
[2026-04-28T02:16:06.999+0000] {task_command.py:423} INFO - Running <TaskInstance: energy_pipeline.ingestion scheduled__2026-04-27T00:00:00+00:00 [running]> on host e2a4d77dd15e
[2026-04-28T02:16:07.273+0000] {taskinstance.py:2480} INFO - Exporting env vars: AIRFLOW_CTX_DAG_OWNER='airflow' AIRFLOW_CTX_DAG_ID='energy_pipeline' AIRFLOW_CTX_TASK_ID='ingestion' AIRFLOW_CTX_EXECUTION_DATE='2026-04-27T00:00:00+00:00' AIRFLOW_CTX_TRY_NUMBER='1' AIRFLOW_CTX_DAG_RUN_ID='scheduled__2026-04-27T00:00:00+00:00'
[2026-04-28T02:16:07.279+0000] {subprocess.py:63} INFO - Tmp dir root location: /tmp
[2026-04-28T02:16:07.291+0000] {subprocess.py:75} INFO - Running command: ['/usr/bin/bash', '-c', 'python /opt/airflow/src/ingestion.py']
[2026-04-28T02:16:07.330+0000] {subprocess.py:86} INFO - Output:
[2026-04-28T02:16:10.415+0000] {subprocess.py:93} INFO - Traceback (most recent call last):
[2026-04-28T02:16:10.415+0000] {subprocess.py:93} INFO -   File "/opt/airflow/src/ingestion.py", line 13, in <module>
[2026-04-28T02:16:10.416+0000] {subprocess.py:93} INFO -     df = load_data("data/raw/household_power_consumption.txt")
[2026-04-28T02:16:10.416+0000] {subprocess.py:93} INFO -          ^^^^^^^^^^^^^^^^^^^^^^^^^^^^^^^^^^^^^^^^^^^^^^^^^^^^^
[2026-04-28T02:16:10.416+0000] {subprocess.py:93} INFO -   File "/opt/airflow/src/ingestion.py", line 9, in load_data
[2026-04-28T02:16:10.417+0000] {subprocess.py:93} INFO -     df = pd.read_csv(path, sep=';', low_memory=False)
[2026-04-28T02:16:10.417+0000] {subprocess.py:93} INFO -          ^^^^^^^^^^^^^^^^^^^^^^^^^^^^^^^^^^^^^^^^^^^^
[2026-04-28T02:16:10.418+0000] {subprocess.py:93} INFO -   File "/home/airflow/.local/lib/python3.11/site-packages/pandas/io/parsers/readers.py", line 1026, in read_csv
[2026-04-28T02:16:10.418+0000] {subprocess.py:93} INFO -     return _read(filepath_or_buffer, kwds)
[2026-04-28T02:16:10.419+0000] {subprocess.py:93} INFO -            ^^^^^^^^^^^^^^^^^^^^^^^^^^^^^^^
[2026-04-28T02:16:10.419+0000] {subprocess.py:93} INFO -   File "/home/airflow/.local/lib/python3.11/site-packages/pandas/io/parsers/readers.py", line 620, in _read
[2026-04-28T02:16:10.420+0000] {subprocess.py:93} INFO -     parser = TextFileReader(filepath_or_buffer, **kwds)
[2026-04-28T02:16:10.420+0000] {subprocess.py:93} INFO -              ^^^^^^^^^^^^^^^^^^^^^^^^^^^^^^^^^^^^^^^^^^
[2026-04-28T02:16:10.421+0000] {subprocess.py:93} INFO -   File "/home/airflow/.local/lib/python3.11/site-packages/pandas/io/parsers/readers.py", line 1620, in __init__
[2026-04-28T02:16:10.422+0000] {subprocess.py:93} INFO -     self._engine = self._make_engine(f, self.engine)
[2026-04-28T02:16:10.422+0000] {subprocess.py:93} INFO -                    ^^^^^^^^^^^^^^^^^^^^^^^^^^^^^^^^^
[2026-04-28T02:16:10.423+0000] {subprocess.py:93} INFO -   File "/home/airflow/.local/lib/python3.11/site-packages/pandas/io/parsers/readers.py", line 1880, in _make_engine
[2026-04-28T02:16:10.423+0000] {subprocess.py:93} INFO -     self.handles = get_handle(
[2026-04-28T02:16:10.424+0000] {subprocess.py:93} INFO -                    ^^^^^^^^^^^
[2026-04-28T02:16:10.425+0000] {subprocess.py:93} INFO -   File "/home/airflow/.local/lib/python3.11/site-packages/pandas/io/common.py", line 873, in get_handle
[2026-04-28T02:16:10.426+0000] {subprocess.py:93} INFO -     handle = open(
[2026-04-28T02:16:10.426+0000] {subprocess.py:93} INFO -              ^^^^^
[2026-04-28T02:16:10.427+0000] {subprocess.py:93} INFO - FileNotFoundError: [Errno 2] No such file or directory: 'data/raw/household_power_consumption.txt'
[2026-04-28T02:16:10.534+0000] {subprocess.py:97} INFO - Command exited with return code 1
[2026-04-28T02:16:10.544+0000] {taskinstance.py:2698} ERROR - Task failed with exception
Traceback (most recent call last):
  File "/home/airflow/.local/lib/python3.11/site-packages/airflow/models/taskinstance.py", line 433, in _execute_task
    result = execute_callable(context=context, **execute_callable_kwargs)
             ^^^^^^^^^^^^^^^^^^^^^^^^^^^^^^^^^^^^^^^^^^^^^^^^^^^^^^^^^^^^
  File "/home/airflow/.local/lib/python3.11/site-packages/airflow/operators/bash.py", line 212, in execute
    raise AirflowException(
airflow.exceptions.AirflowException: Bash command failed. The command returned a non-zero exit code 1.
[2026-04-28T02:16:10.553+0000] {taskinstance.py:1138} INFO - Marking task as FAILED. dag_id=energy_pipeline, task_id=ingestion, execution_date=20260427T000000, start_date=20260428T021606, end_date=20260428T021610
[2026-04-28T02:16:10.575+0000] {standard_task_runner.py:107} ERROR - Failed to execute job 7 for task ingestion (Bash command failed. The command returned a non-zero exit code 1.; 243)
[2026-04-28T02:16:10.589+0000] {local_task_job_runner.py:234} INFO - Task exited with return code 1
[2026-04-28T02:16:10.626+0000] {taskinstance.py:3280} INFO - 0 downstream tasks scheduled from follow-on schedule check
[2026-04-28T02:59:21.070+0000] {taskinstance.py:1956} INFO - Dependencies all met for dep_context=non-requeueable deps ti=<TaskInstance: energy_pipeline.ingestion scheduled__2026-04-27T00:00:00+00:00 [queued]>
[2026-04-28T02:59:21.082+0000] {taskinstance.py:1956} INFO - Dependencies all met for dep_context=requeueable deps ti=<TaskInstance: energy_pipeline.ingestion scheduled__2026-04-27T00:00:00+00:00 [queued]>
[2026-04-28T02:59:21.082+0000] {taskinstance.py:2170} INFO - Starting attempt 1 of 1
[2026-04-28T02:59:21.101+0000] {taskinstance.py:2191} INFO - Executing <Task(BashOperator): ingestion> on 2026-04-27 00:00:00+00:00
[2026-04-28T02:59:21.157+0000] {standard_task_runner.py:60} INFO - Started process 100 to run task
[2026-04-28T02:59:21.169+0000] {standard_task_runner.py:87} INFO - Running: ['airflow', 'tasks', 'run', 'energy_pipeline', 'ingestion', 'scheduled__2026-04-27T00:00:00+00:00', '--job-id', '3', '--raw', '--subdir', 'DAGS_FOLDER/pipeline_dag.py', '--cfg-path', '/tmp/tmpgfrur8qn']
[2026-04-28T02:59:21.173+0000] {standard_task_runner.py:88} INFO - Job 3: Subtask ingestion
[2026-04-28T02:59:21.295+0000] {task_command.py:423} INFO - Running <TaskInstance: energy_pipeline.ingestion scheduled__2026-04-27T00:00:00+00:00 [running]> on host 0fcbcd70b84a
[2026-04-28T02:59:21.417+0000] {taskinstance.py:2480} INFO - Exporting env vars: AIRFLOW_CTX_DAG_OWNER='airflow' AIRFLOW_CTX_DAG_ID='energy_pipeline' AIRFLOW_CTX_TASK_ID='ingestion' AIRFLOW_CTX_EXECUTION_DATE='2026-04-27T00:00:00+00:00' AIRFLOW_CTX_TRY_NUMBER='1' AIRFLOW_CTX_DAG_RUN_ID='scheduled__2026-04-27T00:00:00+00:00'
[2026-04-28T02:59:21.418+0000] {subprocess.py:63} INFO - Tmp dir root location: /tmp
[2026-04-28T02:59:21.420+0000] {subprocess.py:75} INFO - Running command: ['/usr/bin/bash', '-c', 'python /opt/airflow/src/ingestion.py']
[2026-04-28T02:59:21.435+0000] {subprocess.py:86} INFO - Output:
[2026-04-28T02:59:44.981+0000] {subprocess.py:93} INFO - 2026-04-28 02:59:44,981 - INFO - Ingestion complete. Rows loaded: 2075259
[2026-04-28T02:59:45.126+0000] {subprocess.py:97} INFO - Command exited with return code 0
[2026-04-28T02:59:45.154+0000] {taskinstance.py:1138} INFO - Marking task as SUCCESS. dag_id=energy_pipeline, task_id=ingestion, execution_date=20260427T000000, start_date=20260428T025921, end_date=20260428T025945
[2026-04-28T02:59:45.172+0000] {local_task_job_runner.py:234} INFO - Task exited with return code 0
[2026-04-28T02:59:45.192+0000] {taskinstance.py:3280} INFO - 1 downstream tasks scheduled from follow-on schedule check
[2026-04-28T03:10:21.827+0000] {taskinstance.py:1956} INFO - Dependencies all met for dep_context=non-requeueable deps ti=<TaskInstance: energy_pipeline.ingestion scheduled__2026-04-27T00:00:00+00:00 [queued]>
[2026-04-28T03:10:21.834+0000] {taskinstance.py:1956} INFO - Dependencies all met for dep_context=requeueable deps ti=<TaskInstance: energy_pipeline.ingestion scheduled__2026-04-27T00:00:00+00:00 [queued]>
[2026-04-28T03:10:21.835+0000] {taskinstance.py:2170} INFO - Starting attempt 1 of 1
[2026-04-28T03:10:21.850+0000] {taskinstance.py:2191} INFO - Executing <Task(BashOperator): ingestion> on 2026-04-27 00:00:00+00:00
[2026-04-28T03:10:21.858+0000] {standard_task_runner.py:60} INFO - Started process 100 to run task
[2026-04-28T03:10:21.862+0000] {standard_task_runner.py:87} INFO - Running: ['airflow', 'tasks', 'run', 'energy_pipeline', 'ingestion', 'scheduled__2026-04-27T00:00:00+00:00', '--job-id', '3', '--raw', '--subdir', 'DAGS_FOLDER/pipeline_dag.py', '--cfg-path', '/tmp/tmpyhoogtd8']
[2026-04-28T03:10:21.866+0000] {standard_task_runner.py:88} INFO - Job 3: Subtask ingestion
[2026-04-28T03:10:21.950+0000] {task_command.py:423} INFO - Running <TaskInstance: energy_pipeline.ingestion scheduled__2026-04-27T00:00:00+00:00 [running]> on host 8820d01f94c2
[2026-04-28T03:10:22.068+0000] {taskinstance.py:2480} INFO - Exporting env vars: AIRFLOW_CTX_DAG_OWNER='airflow' AIRFLOW_CTX_DAG_ID='energy_pipeline' AIRFLOW_CTX_TASK_ID='ingestion' AIRFLOW_CTX_EXECUTION_DATE='2026-04-27T00:00:00+00:00' AIRFLOW_CTX_TRY_NUMBER='1' AIRFLOW_CTX_DAG_RUN_ID='scheduled__2026-04-27T00:00:00+00:00'
[2026-04-28T03:10:22.070+0000] {subprocess.py:63} INFO - Tmp dir root location: /tmp
[2026-04-28T03:10:22.072+0000] {subprocess.py:75} INFO - Running command: ['/usr/bin/bash', '-c', 'python /opt/airflow/src/ingestion.py']
[2026-04-28T03:10:22.085+0000] {subprocess.py:86} INFO - Output:
[2026-04-28T03:10:46.893+0000] {subprocess.py:93} INFO - 2026-04-28 03:10:46,893 - INFO - Ingestion complete. Rows loaded: 2075259
[2026-04-28T03:10:47.049+0000] {subprocess.py:97} INFO - Command exited with return code 0
[2026-04-28T03:10:47.073+0000] {taskinstance.py:1138} INFO - Marking task as SUCCESS. dag_id=energy_pipeline, task_id=ingestion, execution_date=20260427T000000, start_date=20260428T031021, end_date=20260428T031047
[2026-04-28T03:10:47.093+0000] {local_task_job_runner.py:234} INFO - Task exited with return code 0
[2026-04-28T03:10:47.114+0000] {taskinstance.py:3280} INFO - 1 downstream tasks scheduled from follow-on schedule check
[2026-04-28T05:08:55.191+0000] {taskinstance.py:1956} INFO - Dependencies all met for dep_context=non-requeueable deps ti=<TaskInstance: energy_pipeline.ingestion scheduled__2026-04-27T00:00:00+00:00 [queued]>
[2026-04-28T05:08:55.222+0000] {taskinstance.py:1956} INFO - Dependencies all met for dep_context=requeueable deps ti=<TaskInstance: energy_pipeline.ingestion scheduled__2026-04-27T00:00:00+00:00 [queued]>
[2026-04-28T05:08:55.224+0000] {taskinstance.py:2170} INFO - Starting attempt 1 of 3
[2026-04-28T05:08:55.279+0000] {taskinstance.py:2191} INFO - Executing <Task(PythonOperator): ingestion> on 2026-04-27 00:00:00+00:00
[2026-04-28T05:08:55.348+0000] {standard_task_runner.py:60} INFO - Started process 115 to run task
[2026-04-28T05:08:55.620+0000] {standard_task_runner.py:87} INFO - Running: ['airflow', 'tasks', 'run', 'energy_pipeline', 'ingestion', 'scheduled__2026-04-27T00:00:00+00:00', '--job-id', '3', '--raw', '--subdir', 'DAGS_FOLDER/pipeline_dag.py', '--cfg-path', '/tmp/tmpjenim038']
[2026-04-28T05:08:55.684+0000] {standard_task_runner.py:88} INFO - Job 3: Subtask ingestion
[2026-04-28T05:08:56.542+0000] {task_command.py:423} INFO - Running <TaskInstance: energy_pipeline.ingestion scheduled__2026-04-27T00:00:00+00:00 [running]> on host e1402bd03830
[2026-04-28T05:08:56.806+0000] {taskinstance.py:2480} INFO - Exporting env vars: AIRFLOW_CTX_DAG_OWNER='airflow' AIRFLOW_CTX_DAG_ID='energy_pipeline' AIRFLOW_CTX_TASK_ID='ingestion' AIRFLOW_CTX_EXECUTION_DATE='2026-04-27T00:00:00+00:00' AIRFLOW_CTX_TRY_NUMBER='1' AIRFLOW_CTX_DAG_RUN_ID='scheduled__2026-04-27T00:00:00+00:00'
[2026-04-28T05:08:56.812+0000] {pipeline_dag.py:22} INFO - Starting ingestion...
[2026-04-28T05:09:48.513+0000] {local_task_job_runner.py:121} ERROR - Received SIGTERM. Terminating subprocesses
[2026-04-28T05:09:48.528+0000] {process_utils.py:131} INFO - Sending 15 to group 115. PIDs of all processes in the group: [116, 115]
[2026-04-28T05:09:48.530+0000] {process_utils.py:86} INFO - Sending the signal 15 to group 115
[2026-04-28T05:09:48.533+0000] {taskinstance.py:2450} ERROR - Received SIGTERM. Terminating subprocesses.
[2026-04-28T05:09:48.557+0000] {process_utils.py:79} INFO - Process psutil.Process(pid=116, status='terminated', started='05:08:56') (116) terminated with exit code None
[2026-04-28T05:09:48.570+0000] {local_task_job_runner.py:121} ERROR - Received SIGTERM. Terminating subprocesses
[2026-04-28T05:34:19.655+0000] {taskinstance.py:1956} INFO - Dependencies all met for dep_context=non-requeueable deps ti=<TaskInstance: energy_pipeline.ingestion scheduled__2026-04-27T00:00:00+00:00 [queued]>
[2026-04-28T05:34:19.662+0000] {taskinstance.py:1956} INFO - Dependencies all met for dep_context=requeueable deps ti=<TaskInstance: energy_pipeline.ingestion scheduled__2026-04-27T00:00:00+00:00 [queued]>
[2026-04-28T05:34:19.663+0000] {taskinstance.py:2170} INFO - Starting attempt 1 of 3
[2026-04-28T05:34:19.674+0000] {taskinstance.py:2191} INFO - Executing <Task(PythonOperator): ingestion> on 2026-04-27 00:00:00+00:00
[2026-04-28T05:34:19.681+0000] {standard_task_runner.py:60} INFO - Started process 64 to run task
[2026-04-28T05:34:19.709+0000] {standard_task_runner.py:87} INFO - Running: ['airflow', 'tasks', 'run', 'energy_pipeline', 'ingestion', 'scheduled__2026-04-27T00:00:00+00:00', '--job-id', '2', '--raw', '--subdir', 'DAGS_FOLDER/pipeline_dag.py', '--cfg-path', '/tmp/tmpgvxuofbt']
[2026-04-28T05:34:19.723+0000] {standard_task_runner.py:88} INFO - Job 2: Subtask ingestion
[2026-04-28T05:34:19.767+0000] {task_command.py:423} INFO - Running <TaskInstance: energy_pipeline.ingestion scheduled__2026-04-27T00:00:00+00:00 [running]> on host 25d4ee3373b6
[2026-04-28T05:34:19.997+0000] {taskinstance.py:2480} INFO - Exporting env vars: AIRFLOW_CTX_DAG_OWNER='airflow' AIRFLOW_CTX_DAG_ID='energy_pipeline' AIRFLOW_CTX_TASK_ID='ingestion' AIRFLOW_CTX_EXECUTION_DATE='2026-04-27T00:00:00+00:00' AIRFLOW_CTX_TRY_NUMBER='1' AIRFLOW_CTX_DAG_RUN_ID='scheduled__2026-04-27T00:00:00+00:00'
[2026-04-28T05:34:20.002+0000] {pipeline_dag.py:22} INFO - Starting ingestion...
[2026-04-28T05:34:38.935+0000] {python.py:201} INFO - Done. Returned value was: None
[2026-04-28T05:34:38.941+0000] {taskinstance.py:1138} INFO - Marking task as SUCCESS. dag_id=energy_pipeline, task_id=ingestion, execution_date=20260427T000000, start_date=20260428T053419, end_date=20260428T053438
[2026-04-28T05:34:38.957+0000] {local_task_job_runner.py:234} INFO - Task exited with return code 0
[2026-04-28T05:34:38.973+0000] {taskinstance.py:3280} INFO - 1 downstream tasks scheduled from follow-on schedule check
[2026-04-28T05:35:56.606+0000] {taskinstance.py:1956} INFO - Dependencies all met for dep_context=non-requeueable deps ti=<TaskInstance: energy_pipeline.ingestion scheduled__2026-04-27T00:00:00+00:00 [queued]>
[2026-04-28T05:35:56.614+0000] {taskinstance.py:1956} INFO - Dependencies all met for dep_context=requeueable deps ti=<TaskInstance: energy_pipeline.ingestion scheduled__2026-04-27T00:00:00+00:00 [queued]>
[2026-04-28T05:35:56.614+0000] {taskinstance.py:2170} INFO - Starting attempt 1 of 3
[2026-04-28T05:35:56.631+0000] {taskinstance.py:2191} INFO - Executing <Task(PythonOperator): ingestion> on 2026-04-27 00:00:00+00:00
[2026-04-28T05:35:56.639+0000] {standard_task_runner.py:60} INFO - Started process 64 to run task
[2026-04-28T05:35:56.648+0000] {standard_task_runner.py:87} INFO - Running: ['airflow', 'tasks', 'run', 'energy_pipeline', 'ingestion', 'scheduled__2026-04-27T00:00:00+00:00', '--job-id', '2', '--raw', '--subdir', 'DAGS_FOLDER/pipeline_dag.py', '--cfg-path', '/tmp/tmpijyt0ayq']
[2026-04-28T05:35:56.652+0000] {standard_task_runner.py:88} INFO - Job 2: Subtask ingestion
[2026-04-28T05:35:56.700+0000] {task_command.py:423} INFO - Running <TaskInstance: energy_pipeline.ingestion scheduled__2026-04-27T00:00:00+00:00 [running]> on host 6f79091f056a
[2026-04-28T05:35:56.780+0000] {taskinstance.py:2480} INFO - Exporting env vars: AIRFLOW_CTX_DAG_OWNER='airflow' AIRFLOW_CTX_DAG_ID='energy_pipeline' AIRFLOW_CTX_TASK_ID='ingestion' AIRFLOW_CTX_EXECUTION_DATE='2026-04-27T00:00:00+00:00' AIRFLOW_CTX_TRY_NUMBER='1' AIRFLOW_CTX_DAG_RUN_ID='scheduled__2026-04-27T00:00:00+00:00'
[2026-04-28T05:35:56.781+0000] {pipeline_dag.py:22} INFO - Starting ingestion...
[2026-04-28T05:36:13.182+0000] {python.py:201} INFO - Done. Returned value was: None
[2026-04-28T05:36:13.188+0000] {taskinstance.py:1138} INFO - Marking task as SUCCESS. dag_id=energy_pipeline, task_id=ingestion, execution_date=20260427T000000, start_date=20260428T053556, end_date=20260428T053613
[2026-04-28T05:36:13.203+0000] {local_task_job_runner.py:234} INFO - Task exited with return code 0
[2026-04-28T05:36:13.220+0000] {taskinstance.py:3280} INFO - 1 downstream tasks scheduled from follow-on schedule check
[2026-04-28T05:44:18.855+0000] {taskinstance.py:1956} INFO - Dependencies all met for dep_context=non-requeueable deps ti=<TaskInstance: energy_pipeline.ingestion scheduled__2026-04-27T00:00:00+00:00 [queued]>
[2026-04-28T05:44:18.870+0000] {taskinstance.py:1956} INFO - Dependencies all met for dep_context=requeueable deps ti=<TaskInstance: energy_pipeline.ingestion scheduled__2026-04-27T00:00:00+00:00 [queued]>
[2026-04-28T05:44:18.871+0000] {taskinstance.py:2170} INFO - Starting attempt 1 of 3
[2026-04-28T05:44:18.893+0000] {taskinstance.py:2191} INFO - Executing <Task(PythonOperator): ingestion> on 2026-04-27 00:00:00+00:00
[2026-04-28T05:44:18.899+0000] {standard_task_runner.py:60} INFO - Started process 102 to run task
[2026-04-28T05:44:18.903+0000] {standard_task_runner.py:87} INFO - Running: ['airflow', 'tasks', 'run', 'energy_pipeline', 'ingestion', 'scheduled__2026-04-27T00:00:00+00:00', '--job-id', '3', '--raw', '--subdir', 'DAGS_FOLDER/pipeline_dag.py', '--cfg-path', '/tmp/tmpg55qiji0']
[2026-04-28T05:44:18.905+0000] {standard_task_runner.py:88} INFO - Job 3: Subtask ingestion
[2026-04-28T05:44:18.967+0000] {task_command.py:423} INFO - Running <TaskInstance: energy_pipeline.ingestion scheduled__2026-04-27T00:00:00+00:00 [running]> on host 033d1c5c127a
[2026-04-28T05:44:19.058+0000] {taskinstance.py:2480} INFO - Exporting env vars: AIRFLOW_CTX_DAG_OWNER='airflow' AIRFLOW_CTX_DAG_ID='energy_pipeline' AIRFLOW_CTX_TASK_ID='ingestion' AIRFLOW_CTX_EXECUTION_DATE='2026-04-27T00:00:00+00:00' AIRFLOW_CTX_TRY_NUMBER='1' AIRFLOW_CTX_DAG_RUN_ID='scheduled__2026-04-27T00:00:00+00:00'
[2026-04-28T05:44:19.060+0000] {pipeline_dag.py:22} INFO - Starting ingestion...
[2026-04-28T05:44:39.626+0000] {python.py:201} INFO - Done. Returned value was: None
[2026-04-28T05:44:39.642+0000] {taskinstance.py:1138} INFO - Marking task as SUCCESS. dag_id=energy_pipeline, task_id=ingestion, execution_date=20260427T000000, start_date=20260428T054418, end_date=20260428T054439
[2026-04-28T05:44:39.676+0000] {local_task_job_runner.py:234} INFO - Task exited with return code 0
[2026-04-28T05:44:39.703+0000] {taskinstance.py:3280} INFO - 1 downstream tasks scheduled from follow-on schedule check
[2026-04-28T06:03:45.976+0000] {taskinstance.py:1956} INFO - Dependencies all met for dep_context=non-requeueable deps ti=<TaskInstance: energy_pipeline.ingestion scheduled__2026-04-27T00:00:00+00:00 [queued]>
[2026-04-28T06:03:45.992+0000] {taskinstance.py:1956} INFO - Dependencies all met for dep_context=requeueable deps ti=<TaskInstance: energy_pipeline.ingestion scheduled__2026-04-27T00:00:00+00:00 [queued]>
[2026-04-28T06:03:45.994+0000] {taskinstance.py:2170} INFO - Starting attempt 1 of 3
[2026-04-28T06:03:46.026+0000] {taskinstance.py:2191} INFO - Executing <Task(PythonOperator): ingestion> on 2026-04-27 00:00:00+00:00
[2026-04-28T06:03:46.049+0000] {standard_task_runner.py:60} INFO - Started process 133 to run task
[2026-04-28T06:03:46.077+0000] {standard_task_runner.py:87} INFO - Running: ['airflow', 'tasks', 'run', 'energy_pipeline', 'ingestion', 'scheduled__2026-04-27T00:00:00+00:00', '--job-id', '19', '--raw', '--subdir', 'DAGS_FOLDER/pipeline_dag.py', '--cfg-path', '/tmp/tmphsi19gp1']
[2026-04-28T06:03:46.089+0000] {standard_task_runner.py:88} INFO - Job 19: Subtask ingestion
[2026-04-28T06:03:46.284+0000] {task_command.py:423} INFO - Running <TaskInstance: energy_pipeline.ingestion scheduled__2026-04-27T00:00:00+00:00 [running]> on host 395a100ec216
[2026-04-28T06:03:46.497+0000] {taskinstance.py:2480} INFO - Exporting env vars: AIRFLOW_CTX_DAG_OWNER='airflow' AIRFLOW_CTX_DAG_ID='energy_pipeline' AIRFLOW_CTX_TASK_ID='ingestion' AIRFLOW_CTX_EXECUTION_DATE='2026-04-27T00:00:00+00:00' AIRFLOW_CTX_TRY_NUMBER='1' AIRFLOW_CTX_DAG_RUN_ID='scheduled__2026-04-27T00:00:00+00:00'
[2026-04-28T06:03:46.505+0000] {pipeline_dag.py:22} INFO - Starting ingestion...
[2026-04-28T06:04:17.795+0000] {python.py:201} INFO - Done. Returned value was: None
[2026-04-28T06:04:17.819+0000] {taskinstance.py:1138} INFO - Marking task as SUCCESS. dag_id=energy_pipeline, task_id=ingestion, execution_date=20260427T000000, start_date=20260428T060345, end_date=20260428T060417
[2026-04-28T06:04:17.860+0000] {local_task_job_runner.py:234} INFO - Task exited with return code 0
[2026-04-28T06:04:17.919+0000] {taskinstance.py:3280} INFO - 1 downstream tasks scheduled from follow-on schedule check
