[2026-04-28T03:02:45.062+0000] {taskinstance.py:1956} INFO - Dependencies all met for dep_context=non-requeueable deps ti=<TaskInstance: energy_pipeline.preprocessing manual__2026-04-28T03:02:13.277635+00:00 [queued]>
[2026-04-28T03:02:45.069+0000] {taskinstance.py:1956} INFO - Dependencies all met for dep_context=requeueable deps ti=<TaskInstance: energy_pipeline.preprocessing manual__2026-04-28T03:02:13.277635+00:00 [queued]>
[2026-04-28T03:02:45.069+0000] {taskinstance.py:2170} INFO - Starting attempt 1 of 1
[2026-04-28T03:02:45.084+0000] {taskinstance.py:2191} INFO - Executing <Task(BashOperator): preprocessing> on 2026-04-28 03:02:13.277635+00:00
[2026-04-28T03:02:45.092+0000] {standard_task_runner.py:60} INFO - Started process 159 to run task
[2026-04-28T03:02:45.097+0000] {standard_task_runner.py:87} INFO - Running: ['airflow', 'tasks', 'run', 'energy_pipeline', 'preprocessing', 'manual__2026-04-28T03:02:13.277635+00:00', '--job-id', '10', '--raw', '--subdir', 'DAGS_FOLDER/pipeline_dag.py', '--cfg-path', '/tmp/tmp6iera8xi']
[2026-04-28T03:02:45.099+0000] {standard_task_runner.py:88} INFO - Job 10: Subtask preprocessing
[2026-04-28T03:02:45.148+0000] {task_command.py:423} INFO - Running <TaskInstance: energy_pipeline.preprocessing manual__2026-04-28T03:02:13.277635+00:00 [running]> on host 0fcbcd70b84a
[2026-04-28T03:02:45.217+0000] {taskinstance.py:2480} INFO - Exporting env vars: AIRFLOW_CTX_DAG_OWNER='airflow' AIRFLOW_CTX_DAG_ID='energy_pipeline' AIRFLOW_CTX_TASK_ID='preprocessing' AIRFLOW_CTX_EXECUTION_DATE='2026-04-28T03:02:13.277635+00:00' AIRFLOW_CTX_TRY_NUMBER='1' AIRFLOW_CTX_DAG_RUN_ID='manual__2026-04-28T03:02:13.277635+00:00'
[2026-04-28T03:02:45.218+0000] {subprocess.py:63} INFO - Tmp dir root location: /tmp
[2026-04-28T03:02:45.220+0000] {subprocess.py:75} INFO - Running command: ['/usr/bin/bash', '-c', 'python /opt/airflow/src/preprocessing.py']
[2026-04-28T03:02:45.237+0000] {subprocess.py:86} INFO - Output:
[2026-04-28T03:02:45.926+0000] {subprocess.py:93} INFO - 2026-04-28 03:02:45,926 - INFO - Loading data...
[2026-04-28T03:02:48.270+0000] {subprocess.py:93} INFO - 2026-04-28 03:02:48,268 - INFO - Initial shape: (2075259, 9)
[2026-04-28T03:03:00.805+0000] {subprocess.py:93} INFO - 2026-04-28 03:03:00,804 - INFO - Final shape after cleaning: (2075259, 7)
[2026-04-28T03:03:22.746+0000] {subprocess.py:93} INFO - 2026-04-28 03:03:22,746 - INFO - Saved cleaned data to /opt/airflow/data/processed/clean.csv
[2026-04-28T03:03:22.859+0000] {subprocess.py:97} INFO - Command exited with return code 0
[2026-04-28T03:03:22.880+0000] {taskinstance.py:1138} INFO - Marking task as SUCCESS. dag_id=energy_pipeline, task_id=preprocessing, execution_date=20260428T030213, start_date=20260428T030245, end_date=20260428T030322
[2026-04-28T03:03:22.899+0000] {local_task_job_runner.py:234} INFO - Task exited with return code 0
[2026-04-28T03:03:22.919+0000] {taskinstance.py:3280} INFO - 1 downstream tasks scheduled from follow-on schedule check
