[2026-04-28T09:44:10.097+0000] {taskinstance.py:1956} INFO - Dependencies all met for dep_context=non-requeueable deps ti=<TaskInstance: energy_pipeline.training manual__2026-04-28T09:42:56+00:00 [queued]>
[2026-04-28T09:44:10.106+0000] {taskinstance.py:1956} INFO - Dependencies all met for dep_context=requeueable deps ti=<TaskInstance: energy_pipeline.training manual__2026-04-28T09:42:56+00:00 [queued]>
[2026-04-28T09:44:10.107+0000] {taskinstance.py:2170} INFO - Starting attempt 1 of 3
[2026-04-28T09:44:10.135+0000] {taskinstance.py:2191} INFO - Executing <Task(PythonOperator): training> on 2026-04-28 09:42:56+00:00
[2026-04-28T09:44:10.145+0000] {standard_task_runner.py:60} INFO - Started process 658 to run task
[2026-04-28T09:44:10.150+0000] {standard_task_runner.py:87} INFO - Running: ['airflow', 'tasks', 'run', 'energy_pipeline', 'training', 'manual__2026-04-28T09:42:56+00:00', '--job-id', '70', '--raw', '--subdir', 'DAGS_FOLDER/pipeline_dag.py', '--cfg-path', '/tmp/tmpf_nqgduz']
[2026-04-28T09:44:10.154+0000] {standard_task_runner.py:88} INFO - Job 70: Subtask training
[2026-04-28T09:44:10.234+0000] {task_command.py:423} INFO - Running <TaskInstance: energy_pipeline.training manual__2026-04-28T09:42:56+00:00 [running]> on host bcad151a1f42
[2026-04-28T09:44:10.332+0000] {taskinstance.py:2480} INFO - Exporting env vars: AIRFLOW_CTX_DAG_OWNER='airflow' AIRFLOW_CTX_DAG_ID='energy_pipeline' AIRFLOW_CTX_TASK_ID='training' AIRFLOW_CTX_EXECUTION_DATE='2026-04-28T09:42:56+00:00' AIRFLOW_CTX_TRY_NUMBER='1' AIRFLOW_CTX_DAG_RUN_ID='manual__2026-04-28T09:42:56+00:00'
[2026-04-28T09:44:10.333+0000] {pipeline_dag.py:37} INFO - Starting training...
[2026-04-28T09:48:18.116+0000] {local_task_job_runner.py:302} WARNING - State of this instance has been externally set to restarting. Terminating instance.
[2026-04-28T09:48:18.120+0000] {process_utils.py:131} INFO - Sending 15 to group 658. PIDs of all processes in the group: [659, 658]
[2026-04-28T09:48:18.121+0000] {process_utils.py:86} INFO - Sending the signal 15 to group 658
[2026-04-28T09:48:18.123+0000] {taskinstance.py:2450} ERROR - Received SIGTERM. Terminating subprocesses.
[2026-04-28T09:48:18.165+0000] {taskinstance.py:2698} ERROR - Task failed with exception
Traceback (most recent call last):
  File "/home/airflow/.local/lib/python3.11/site-packages/airflow/models/taskinstance.py", line 433, in _execute_task
    result = execute_callable(context=context, **execute_callable_kwargs)
             ^^^^^^^^^^^^^^^^^^^^^^^^^^^^^^^^^^^^^^^^^^^^^^^^^^^^^^^^^^^^
  File "/home/airflow/.local/lib/python3.11/site-packages/airflow/operators/python.py", line 199, in execute
    return_value = self.execute_callable()
                   ^^^^^^^^^^^^^^^^^^^^^^^
  File "/home/airflow/.local/lib/python3.11/site-packages/airflow/operators/python.py", line 216, in execute_callable
    return self.python_callable(*self.op_args, **self.op_kwargs)
           ^^^^^^^^^^^^^^^^^^^^^^^^^^^^^^^^^^^^^^^^^^^^^^^^^^^^^
  File "/opt/airflow/dags/pipeline_dag.py", line 38, in training_task
    subprocess.run(["python", "/opt/airflow/src/train.py"], check=True)
  File "/usr/local/lib/python3.11/subprocess.py", line 550, in run
    stdout, stderr = process.communicate(input, timeout=timeout)
                     ^^^^^^^^^^^^^^^^^^^^^^^^^^^^^^^^^^^^^^^^^^^
  File "/usr/local/lib/python3.11/subprocess.py", line 1201, in communicate
    self.wait()
  File "/usr/local/lib/python3.11/subprocess.py", line 1264, in wait
    return self._wait(timeout=timeout)
           ^^^^^^^^^^^^^^^^^^^^^^^^^^^
  File "/usr/local/lib/python3.11/subprocess.py", line 2051, in _wait
    (pid, sts) = self._try_wait(0)
                 ^^^^^^^^^^^^^^^^^
  File "/usr/local/lib/python3.11/subprocess.py", line 2009, in _try_wait
    (pid, sts) = os.waitpid(self.pid, wait_flags)
                 ^^^^^^^^^^^^^^^^^^^^^^^^^^^^^^^^
  File "/home/airflow/.local/lib/python3.11/site-packages/airflow/models/taskinstance.py", line 2452, in signal_handler
    raise AirflowException("Task received SIGTERM signal")
airflow.exceptions.AirflowException: Task received SIGTERM signal
[2026-04-28T09:48:18.173+0000] {taskinstance.py:1138} INFO - Marking task as UP_FOR_RETRY. dag_id=energy_pipeline, task_id=training, execution_date=20260428T094256, start_date=20260428T094410, end_date=20260428T094818
[2026-04-28T09:48:18.191+0000] {standard_task_runner.py:107} ERROR - Failed to execute job 70 for task training (Task received SIGTERM signal; 658)
[2026-04-28T09:48:18.204+0000] {process_utils.py:79} INFO - Process psutil.Process(pid=658, status='terminated', exitcode=1) (658) terminated with exit code 1
[2026-04-28T09:48:18.205+0000] {process_utils.py:79} INFO - Process psutil.Process(pid=659, status='terminated', started='09:44:09') (659) terminated with exit code None
