[2026-04-28T04:46:25.948+0000] {taskinstance.py:1956} INFO - Dependencies all met for dep_context=non-requeueable deps ti=<TaskInstance: energy_pipeline.preprocessing manual__2026-04-28T04:45:55.751581+00:00 [queued]>
[2026-04-28T04:46:25.955+0000] {taskinstance.py:1956} INFO - Dependencies all met for dep_context=requeueable deps ti=<TaskInstance: energy_pipeline.preprocessing manual__2026-04-28T04:45:55.751581+00:00 [queued]>
[2026-04-28T04:46:25.955+0000] {taskinstance.py:2170} INFO - Starting attempt 1 of 1
[2026-04-28T04:46:25.973+0000] {taskinstance.py:2191} INFO - Executing <Task(BashOperator): preprocessing> on 2026-04-28 04:45:55.751581+00:00
[2026-04-28T04:46:25.982+0000] {standard_task_runner.py:60} INFO - Started process 672 to run task
[2026-04-28T04:46:25.985+0000] {standard_task_runner.py:87} INFO - Running: ['airflow', 'tasks', 'run', 'energy_pipeline', 'preprocessing', 'manual__2026-04-28T04:45:55.751581+00:00', '--job-id', '9', '--raw', '--subdir', 'DAGS_FOLDER/pipeline_dag.py', '--cfg-path', '/tmp/tmpj3f74o5g']
[2026-04-28T04:46:25.987+0000] {standard_task_runner.py:88} INFO - Job 9: Subtask preprocessing
[2026-04-28T04:46:26.024+0000] {task_command.py:423} INFO - Running <TaskInstance: energy_pipeline.preprocessing manual__2026-04-28T04:45:55.751581+00:00 [running]> on host 8820d01f94c2
[2026-04-28T04:46:26.081+0000] {taskinstance.py:2480} INFO - Exporting env vars: AIRFLOW_CTX_DAG_OWNER='airflow' AIRFLOW_CTX_DAG_ID='energy_pipeline' AIRFLOW_CTX_TASK_ID='preprocessing' AIRFLOW_CTX_EXECUTION_DATE='2026-04-28T04:45:55.751581+00:00' AIRFLOW_CTX_TRY_NUMBER='1' AIRFLOW_CTX_DAG_RUN_ID='manual__2026-04-28T04:45:55.751581+00:00'
[2026-04-28T04:46:26.082+0000] {subprocess.py:63} INFO - Tmp dir root location: /tmp
[2026-04-28T04:46:26.083+0000] {subprocess.py:75} INFO - Running command: ['/usr/bin/bash', '-c', 'python /opt/airflow/src/preprocessing.py']
[2026-04-28T04:46:26.092+0000] {subprocess.py:86} INFO - Output:
[2026-04-28T04:46:26.611+0000] {subprocess.py:93} INFO - 2026-04-28 04:46:26,611 - INFO - Loading data...
[2026-04-28T04:46:30.013+0000] {subprocess.py:93} INFO - 2026-04-28 04:46:30,012 - INFO - Initial shape: (2075259, 9)
[2026-04-28T04:46:39.494+0000] {subprocess.py:93} INFO - 2026-04-28 04:46:39,493 - INFO - Final shape after cleaning: (2075259, 7)
[2026-04-28T04:46:54.772+0000] {subprocess.py:93} INFO - 2026-04-28 04:46:54,771 - INFO - Saved cleaned data to /opt/airflow/data/processed/clean.csv
[2026-04-28T04:46:54.846+0000] {subprocess.py:97} INFO - Command exited with return code 0
[2026-04-28T04:46:54.862+0000] {taskinstance.py:1138} INFO - Marking task as SUCCESS. dag_id=energy_pipeline, task_id=preprocessing, execution_date=20260428T044555, start_date=20260428T044625, end_date=20260428T044654
[2026-04-28T04:46:54.877+0000] {local_task_job_runner.py:234} INFO - Task exited with return code 0
[2026-04-28T04:46:54.893+0000] {taskinstance.py:3280} INFO - 1 downstream tasks scheduled from follow-on schedule check
