[2026-04-28T04:47:05.237+0000] {taskinstance.py:1956} INFO - Dependencies all met for dep_context=non-requeueable deps ti=<TaskInstance: energy_pipeline.training manual__2026-04-28T04:45:55.751581+00:00 [queued]>
[2026-04-28T04:47:05.242+0000] {taskinstance.py:1956} INFO - Dependencies all met for dep_context=requeueable deps ti=<TaskInstance: energy_pipeline.training manual__2026-04-28T04:45:55.751581+00:00 [queued]>
[2026-04-28T04:47:05.242+0000] {taskinstance.py:2170} INFO - Starting attempt 1 of 1
[2026-04-28T04:47:05.252+0000] {taskinstance.py:2191} INFO - Executing <Task(BashOperator): training> on 2026-04-28 04:45:55.751581+00:00
[2026-04-28T04:47:05.257+0000] {standard_task_runner.py:60} INFO - Started process 743 to run task
[2026-04-28T04:47:05.260+0000] {standard_task_runner.py:87} INFO - Running: ['airflow', 'tasks', 'run', 'energy_pipeline', 'training', 'manual__2026-04-28T04:45:55.751581+00:00', '--job-id', '11', '--raw', '--subdir', 'DAGS_FOLDER/pipeline_dag.py', '--cfg-path', '/tmp/tmpd6_hamyw']
[2026-04-28T04:47:05.262+0000] {standard_task_runner.py:88} INFO - Job 11: Subtask training
[2026-04-28T04:47:05.296+0000] {task_command.py:423} INFO - Running <TaskInstance: energy_pipeline.training manual__2026-04-28T04:45:55.751581+00:00 [running]> on host 8820d01f94c2
[2026-04-28T04:47:05.347+0000] {taskinstance.py:2480} INFO - Exporting env vars: AIRFLOW_CTX_DAG_OWNER='airflow' AIRFLOW_CTX_DAG_ID='energy_pipeline' AIRFLOW_CTX_TASK_ID='training' AIRFLOW_CTX_EXECUTION_DATE='2026-04-28T04:45:55.751581+00:00' AIRFLOW_CTX_TRY_NUMBER='1' AIRFLOW_CTX_DAG_RUN_ID='manual__2026-04-28T04:45:55.751581+00:00'
[2026-04-28T04:47:05.348+0000] {subprocess.py:63} INFO - Tmp dir root location: /tmp
[2026-04-28T04:47:05.349+0000] {subprocess.py:75} INFO - Running command: ['/usr/bin/bash', '-c', 'python /opt/airflow/src/train.py']
[2026-04-28T04:47:05.357+0000] {subprocess.py:86} INFO - Output:
[2026-04-28T04:47:08.014+0000] {subprocess.py:93} INFO - /home/airflow/.local/lib/python3.11/site-packages/mlflow/tracking/_tracking_service/utils.py:184: FutureWarning: The filesystem tracking backend (e.g., './mlruns') is deprecated as of February 2026. Consider transitioning to a database backend (e.g., 'sqlite:///mlflow.db') to take advantage of the latest MLflow features. See https://mlflow.org/docs/latest/self-hosting/migrate-from-file-store for migration guidance.
[2026-04-28T04:47:08.014+0000] {subprocess.py:93} INFO -   return FileStore(store_uri, store_uri)
[2026-04-28T04:47:08.023+0000] {subprocess.py:93} INFO - 2026/04/28 04:47:08 INFO mlflow.tracking.fluent: Experiment with name 'energy-predictor' does not exist. Creating a new experiment.
[2026-04-28T04:47:08.027+0000] {subprocess.py:93} INFO - 2026-04-28 04:47:08,027 - INFO - Loading dataset...
[2026-04-28T04:47:08.124+0000] {subprocess.py:93} INFO - 2026-04-28 04:47:08,123 - INFO - Splitting dataset...
[2026-04-28T04:47:08.177+0000] {subprocess.py:93} INFO - 2026/04/28 04:47:08 WARNING mlflow.utils.git_utils: Failed to import Git (the Git executable is probably not on your PATH), so Git SHA is not available. Error: Failed to initialize: Bad git executable.
[2026-04-28T04:47:08.177+0000] {subprocess.py:93} INFO - The git executable must be specified in one of the following ways:
[2026-04-28T04:47:08.178+0000] {subprocess.py:93} INFO -     - be included in your $PATH
[2026-04-28T04:47:08.178+0000] {subprocess.py:93} INFO -     - be set via $GIT_PYTHON_GIT_EXECUTABLE
[2026-04-28T04:47:08.178+0000] {subprocess.py:93} INFO -     - explicitly set via git.refresh(<full-path-to-git-executable>)
[2026-04-28T04:47:08.178+0000] {subprocess.py:93} INFO - 
[2026-04-28T04:47:08.179+0000] {subprocess.py:93} INFO - All git commands will error until this is rectified.
[2026-04-28T04:47:08.179+0000] {subprocess.py:93} INFO - 
[2026-04-28T04:47:08.179+0000] {subprocess.py:93} INFO - This initial message can be silenced or aggravated in the future by setting the
[2026-04-28T04:47:08.179+0000] {subprocess.py:93} INFO - $GIT_PYTHON_REFRESH environment variable. Use one of the following values:
[2026-04-28T04:47:08.179+0000] {subprocess.py:93} INFO -     - quiet|q|silence|s|silent|none|n|0: for no message or exception
[2026-04-28T04:47:08.180+0000] {subprocess.py:93} INFO -     - warn|w|warning|log|l|1: for a warning message (logging level CRITICAL, displayed by default)
[2026-04-28T04:47:08.180+0000] {subprocess.py:93} INFO -     - error|e|exception|raise|r|2: for a raised exception
[2026-04-28T04:47:08.180+0000] {subprocess.py:93} INFO - 
[2026-04-28T04:47:08.180+0000] {subprocess.py:93} INFO - Example:
[2026-04-28T04:47:08.181+0000] {subprocess.py:93} INFO -     export GIT_PYTHON_REFRESH=quiet
[2026-04-28T04:47:08.181+0000] {subprocess.py:93} INFO - 
[2026-04-28T04:47:08.204+0000] {subprocess.py:93} INFO - 2026-04-28 04:47:08,204 - INFO - Linear Regression RMSE: 0.5172533689364592
[2026-04-28T04:47:08.237+0000] {subprocess.py:93} INFO - 2026/04/28 04:47:08 WARNING mlflow.models.model: `artifact_path` is deprecated. Please use `name` instead.
[2026-04-28T04:47:08.258+0000] {subprocess.py:93} INFO - 2026/04/28 04:47:08 WARNING mlflow.sklearn: Saving scikit-learn models in the pickle or cloudpickle format requires exercising caution because these formats rely on Python's object serialization mechanism, which can execute arbitrary code during deserialization. The recommended safe alternative is the 'skops' format. For more information, see: https://scikit-learn.org/stable/model_persistence.html
[2026-04-28T04:47:18.907+0000] {subprocess.py:93} INFO - 2026-04-28 04:47:18,906 - INFO - XGBoost RMSE: 0.4567747757148791
[2026-04-28T04:47:18.934+0000] {subprocess.py:93} INFO - 2026/04/28 04:47:18 WARNING mlflow.models.model: `artifact_path` is deprecated. Please use `name` instead.
[2026-04-28T04:47:18.964+0000] {subprocess.py:93} INFO - 2026/04/28 04:47:18 WARNING mlflow.sklearn: Saving scikit-learn models in the pickle or cloudpickle format requires exercising caution because these formats rely on Python's object serialization mechanism, which can execute arbitrary code during deserialization. The recommended safe alternative is the 'skops' format. For more information, see: https://scikit-learn.org/stable/model_persistence.html
[2026-04-28T04:47:21.909+0000] {subprocess.py:93} INFO - 2026-04-28 04:47:21,908 - INFO - Model saved at /opt/airflow/models/model.pkl
[2026-04-28T04:47:22.264+0000] {subprocess.py:97} INFO - Command exited with return code 0
[2026-04-28T04:47:22.288+0000] {taskinstance.py:1138} INFO - Marking task as SUCCESS. dag_id=energy_pipeline, task_id=training, execution_date=20260428T044555, start_date=20260428T044705, end_date=20260428T044722
[2026-04-28T04:47:22.303+0000] {local_task_job_runner.py:234} INFO - Task exited with return code 0
[2026-04-28T04:47:22.315+0000] {taskinstance.py:3280} INFO - 1 downstream tasks scheduled from follow-on schedule check
