[2026-04-28T02:59:48.704+0000] {taskinstance.py:1956} INFO - Dependencies all met for dep_context=non-requeueable deps ti=<TaskInstance: energy_pipeline.preprocessing scheduled__2026-04-27T00:00:00+00:00 [queued]>
[2026-04-28T02:59:48.714+0000] {taskinstance.py:1956} INFO - Dependencies all met for dep_context=requeueable deps ti=<TaskInstance: energy_pipeline.preprocessing scheduled__2026-04-27T00:00:00+00:00 [queued]>
[2026-04-28T02:59:48.715+0000] {taskinstance.py:2170} INFO - Starting attempt 1 of 1
[2026-04-28T02:59:48.730+0000] {taskinstance.py:2191} INFO - Executing <Task(BashOperator): preprocessing> on 2026-04-27 00:00:00+00:00
[2026-04-28T02:59:48.738+0000] {standard_task_runner.py:60} INFO - Started process 156 to run task
[2026-04-28T02:59:48.742+0000] {standard_task_runner.py:87} INFO - Running: ['airflow', 'tasks', 'run', 'energy_pipeline', 'preprocessing', 'scheduled__2026-04-27T00:00:00+00:00', '--job-id', '4', '--raw', '--subdir', 'DAGS_FOLDER/pipeline_dag.py', '--cfg-path', '/tmp/tmpt4x9heoj']
[2026-04-28T02:59:48.744+0000] {standard_task_runner.py:88} INFO - Job 4: Subtask preprocessing
[2026-04-28T02:59:48.792+0000] {task_command.py:423} INFO - Running <TaskInstance: energy_pipeline.preprocessing scheduled__2026-04-27T00:00:00+00:00 [running]> on host 0fcbcd70b84a
[2026-04-28T02:59:48.852+0000] {taskinstance.py:2480} INFO - Exporting env vars: AIRFLOW_CTX_DAG_OWNER='airflow' AIRFLOW_CTX_DAG_ID='energy_pipeline' AIRFLOW_CTX_TASK_ID='preprocessing' AIRFLOW_CTX_EXECUTION_DATE='2026-04-27T00:00:00+00:00' AIRFLOW_CTX_TRY_NUMBER='1' AIRFLOW_CTX_DAG_RUN_ID='scheduled__2026-04-27T00:00:00+00:00'
[2026-04-28T02:59:48.854+0000] {subprocess.py:63} INFO - Tmp dir root location: /tmp
[2026-04-28T02:59:48.855+0000] {subprocess.py:75} INFO - Running command: ['/usr/bin/bash', '-c', 'python /opt/airflow/src/preprocessing.py']
[2026-04-28T02:59:48.865+0000] {subprocess.py:86} INFO - Output:
[2026-04-28T02:59:49.465+0000] {subprocess.py:93} INFO - 2026-04-28 02:59:49,464 - INFO - Loading data...
[2026-04-28T02:59:52.838+0000] {subprocess.py:93} INFO - 2026-04-28 02:59:52,838 - INFO - Initial shape: (2075259, 9)
[2026-04-28T03:00:03.420+0000] {subprocess.py:93} INFO - 2026-04-28 03:00:03,419 - INFO - Final shape after cleaning: (2075259, 7)
[2026-04-28T03:00:23.035+0000] {subprocess.py:93} INFO - 2026-04-28 03:00:23,035 - INFO - Saved cleaned data to /opt/airflow/data/processed/clean.csv
[2026-04-28T03:00:23.117+0000] {subprocess.py:97} INFO - Command exited with return code 0
[2026-04-28T03:00:23.136+0000] {taskinstance.py:1138} INFO - Marking task as SUCCESS. dag_id=energy_pipeline, task_id=preprocessing, execution_date=20260427T000000, start_date=20260428T025948, end_date=20260428T030023
[2026-04-28T03:00:23.152+0000] {local_task_job_runner.py:234} INFO - Task exited with return code 0
[2026-04-28T03:00:23.168+0000] {taskinstance.py:3280} INFO - 1 downstream tasks scheduled from follow-on schedule check
[2026-04-28T03:10:50.834+0000] {taskinstance.py:1956} INFO - Dependencies all met for dep_context=non-requeueable deps ti=<TaskInstance: energy_pipeline.preprocessing scheduled__2026-04-27T00:00:00+00:00 [queued]>
[2026-04-28T03:10:50.844+0000] {taskinstance.py:1956} INFO - Dependencies all met for dep_context=requeueable deps ti=<TaskInstance: energy_pipeline.preprocessing scheduled__2026-04-27T00:00:00+00:00 [queued]>
[2026-04-28T03:10:50.845+0000] {taskinstance.py:2170} INFO - Starting attempt 1 of 1
[2026-04-28T03:10:50.862+0000] {taskinstance.py:2191} INFO - Executing <Task(BashOperator): preprocessing> on 2026-04-27 00:00:00+00:00
[2026-04-28T03:10:50.872+0000] {standard_task_runner.py:60} INFO - Started process 156 to run task
[2026-04-28T03:10:50.876+0000] {standard_task_runner.py:87} INFO - Running: ['airflow', 'tasks', 'run', 'energy_pipeline', 'preprocessing', 'scheduled__2026-04-27T00:00:00+00:00', '--job-id', '4', '--raw', '--subdir', 'DAGS_FOLDER/pipeline_dag.py', '--cfg-path', '/tmp/tmpm2b1g25v']
[2026-04-28T03:10:50.878+0000] {standard_task_runner.py:88} INFO - Job 4: Subtask preprocessing
[2026-04-28T03:10:50.931+0000] {task_command.py:423} INFO - Running <TaskInstance: energy_pipeline.preprocessing scheduled__2026-04-27T00:00:00+00:00 [running]> on host 8820d01f94c2
[2026-04-28T03:10:51.002+0000] {taskinstance.py:2480} INFO - Exporting env vars: AIRFLOW_CTX_DAG_OWNER='airflow' AIRFLOW_CTX_DAG_ID='energy_pipeline' AIRFLOW_CTX_TASK_ID='preprocessing' AIRFLOW_CTX_EXECUTION_DATE='2026-04-27T00:00:00+00:00' AIRFLOW_CTX_TRY_NUMBER='1' AIRFLOW_CTX_DAG_RUN_ID='scheduled__2026-04-27T00:00:00+00:00'
[2026-04-28T03:10:51.004+0000] {subprocess.py:63} INFO - Tmp dir root location: /tmp
[2026-04-28T03:10:51.005+0000] {subprocess.py:75} INFO - Running command: ['/usr/bin/bash', '-c', 'python /opt/airflow/src/preprocessing.py']
[2026-04-28T03:10:51.016+0000] {subprocess.py:86} INFO - Output:
[2026-04-28T03:10:51.697+0000] {subprocess.py:93} INFO - 2026-04-28 03:10:51,697 - INFO - Loading data...
[2026-04-28T03:10:55.397+0000] {subprocess.py:93} INFO - 2026-04-28 03:10:55,396 - INFO - Initial shape: (2075259, 9)
[2026-04-28T03:11:07.776+0000] {subprocess.py:93} INFO - 2026-04-28 03:11:07,767 - INFO - Final shape after cleaning: (2075259, 7)
[2026-04-28T03:11:28.131+0000] {subprocess.py:93} INFO - 2026-04-28 03:11:28,131 - INFO - Saved cleaned data to /opt/airflow/data/processed/clean.csv
[2026-04-28T03:11:28.233+0000] {subprocess.py:97} INFO - Command exited with return code 0
[2026-04-28T03:11:28.261+0000] {taskinstance.py:1138} INFO - Marking task as SUCCESS. dag_id=energy_pipeline, task_id=preprocessing, execution_date=20260427T000000, start_date=20260428T031050, end_date=20260428T031128
[2026-04-28T03:11:28.284+0000] {local_task_job_runner.py:234} INFO - Task exited with return code 0
[2026-04-28T03:11:28.305+0000] {taskinstance.py:3280} INFO - 1 downstream tasks scheduled from follow-on schedule check
[2026-04-28T05:11:32.570+0000] {taskinstance.py:1956} INFO - Dependencies all met for dep_context=non-requeueable deps ti=<TaskInstance: energy_pipeline.preprocessing scheduled__2026-04-27T00:00:00+00:00 [queued]>
[2026-04-28T05:11:32.578+0000] {taskinstance.py:1956} INFO - Dependencies all met for dep_context=requeueable deps ti=<TaskInstance: energy_pipeline.preprocessing scheduled__2026-04-27T00:00:00+00:00 [queued]>
[2026-04-28T05:11:32.579+0000] {taskinstance.py:2170} INFO - Starting attempt 1 of 3
[2026-04-28T05:11:32.595+0000] {taskinstance.py:2191} INFO - Executing <Task(PythonOperator): preprocessing> on 2026-04-27 00:00:00+00:00
[2026-04-28T05:11:32.603+0000] {standard_task_runner.py:60} INFO - Started process 150 to run task
[2026-04-28T05:11:32.615+0000] {standard_task_runner.py:87} INFO - Running: ['airflow', 'tasks', 'run', 'energy_pipeline', 'preprocessing', 'scheduled__2026-04-27T00:00:00+00:00', '--job-id', '7', '--raw', '--subdir', 'DAGS_FOLDER/pipeline_dag.py', '--cfg-path', '/tmp/tmp1tbtr65w']
[2026-04-28T05:11:32.620+0000] {standard_task_runner.py:88} INFO - Job 7: Subtask preprocessing
[2026-04-28T05:11:32.676+0000] {task_command.py:423} INFO - Running <TaskInstance: energy_pipeline.preprocessing scheduled__2026-04-27T00:00:00+00:00 [running]> on host e1402bd03830
[2026-04-28T05:11:32.748+0000] {taskinstance.py:2480} INFO - Exporting env vars: AIRFLOW_CTX_DAG_OWNER='airflow' AIRFLOW_CTX_DAG_ID='energy_pipeline' AIRFLOW_CTX_TASK_ID='preprocessing' AIRFLOW_CTX_EXECUTION_DATE='2026-04-27T00:00:00+00:00' AIRFLOW_CTX_TRY_NUMBER='1' AIRFLOW_CTX_DAG_RUN_ID='scheduled__2026-04-27T00:00:00+00:00'
[2026-04-28T05:11:32.750+0000] {pipeline_dag.py:27} INFO - Starting preprocessing...
[2026-04-28T05:12:14.032+0000] {python.py:201} INFO - Done. Returned value was: None
[2026-04-28T05:12:14.040+0000] {taskinstance.py:1138} INFO - Marking task as SUCCESS. dag_id=energy_pipeline, task_id=preprocessing, execution_date=20260427T000000, start_date=20260428T051132, end_date=20260428T051214
[2026-04-28T05:12:14.058+0000] {local_task_job_runner.py:234} INFO - Task exited with return code 0
[2026-04-28T05:12:14.081+0000] {taskinstance.py:3280} INFO - 1 downstream tasks scheduled from follow-on schedule check
[2026-04-28T05:34:42.101+0000] {taskinstance.py:1956} INFO - Dependencies all met for dep_context=non-requeueable deps ti=<TaskInstance: energy_pipeline.preprocessing scheduled__2026-04-27T00:00:00+00:00 [queued]>
[2026-04-28T05:34:42.108+0000] {taskinstance.py:1956} INFO - Dependencies all met for dep_context=requeueable deps ti=<TaskInstance: energy_pipeline.preprocessing scheduled__2026-04-27T00:00:00+00:00 [queued]>
[2026-04-28T05:34:42.109+0000] {taskinstance.py:2170} INFO - Starting attempt 1 of 3
[2026-04-28T05:34:42.124+0000] {taskinstance.py:2191} INFO - Executing <Task(PythonOperator): preprocessing> on 2026-04-27 00:00:00+00:00
[2026-04-28T05:34:42.129+0000] {standard_task_runner.py:60} INFO - Started process 99 to run task
[2026-04-28T05:34:42.133+0000] {standard_task_runner.py:87} INFO - Running: ['airflow', 'tasks', 'run', 'energy_pipeline', 'preprocessing', 'scheduled__2026-04-27T00:00:00+00:00', '--job-id', '3', '--raw', '--subdir', 'DAGS_FOLDER/pipeline_dag.py', '--cfg-path', '/tmp/tmpslyzjdf3']
[2026-04-28T05:34:42.135+0000] {standard_task_runner.py:88} INFO - Job 3: Subtask preprocessing
[2026-04-28T05:34:42.176+0000] {task_command.py:423} INFO - Running <TaskInstance: energy_pipeline.preprocessing scheduled__2026-04-27T00:00:00+00:00 [running]> on host 25d4ee3373b6
[2026-04-28T05:34:42.230+0000] {taskinstance.py:2480} INFO - Exporting env vars: AIRFLOW_CTX_DAG_OWNER='airflow' AIRFLOW_CTX_DAG_ID='energy_pipeline' AIRFLOW_CTX_TASK_ID='preprocessing' AIRFLOW_CTX_EXECUTION_DATE='2026-04-27T00:00:00+00:00' AIRFLOW_CTX_TRY_NUMBER='1' AIRFLOW_CTX_DAG_RUN_ID='scheduled__2026-04-27T00:00:00+00:00'
[2026-04-28T05:34:42.231+0000] {pipeline_dag.py:27} INFO - Starting preprocessing...
[2026-04-28T05:35:11.140+0000] {python.py:201} INFO - Done. Returned value was: None
[2026-04-28T05:35:11.147+0000] {taskinstance.py:1138} INFO - Marking task as SUCCESS. dag_id=energy_pipeline, task_id=preprocessing, execution_date=20260427T000000, start_date=20260428T053442, end_date=20260428T053511
[2026-04-28T05:35:11.164+0000] {local_task_job_runner.py:234} INFO - Task exited with return code 0
[2026-04-28T05:35:11.181+0000] {taskinstance.py:3280} INFO - 1 downstream tasks scheduled from follow-on schedule check
[2026-04-28T05:36:16.340+0000] {taskinstance.py:1956} INFO - Dependencies all met for dep_context=non-requeueable deps ti=<TaskInstance: energy_pipeline.preprocessing scheduled__2026-04-27T00:00:00+00:00 [queued]>
[2026-04-28T05:36:16.346+0000] {taskinstance.py:1956} INFO - Dependencies all met for dep_context=requeueable deps ti=<TaskInstance: energy_pipeline.preprocessing scheduled__2026-04-27T00:00:00+00:00 [queued]>
[2026-04-28T05:36:16.347+0000] {taskinstance.py:2170} INFO - Starting attempt 1 of 3
[2026-04-28T05:36:16.359+0000] {taskinstance.py:2191} INFO - Executing <Task(PythonOperator): preprocessing> on 2026-04-27 00:00:00+00:00
[2026-04-28T05:36:16.364+0000] {standard_task_runner.py:60} INFO - Started process 99 to run task
[2026-04-28T05:36:16.368+0000] {standard_task_runner.py:87} INFO - Running: ['airflow', 'tasks', 'run', 'energy_pipeline', 'preprocessing', 'scheduled__2026-04-27T00:00:00+00:00', '--job-id', '3', '--raw', '--subdir', 'DAGS_FOLDER/pipeline_dag.py', '--cfg-path', '/tmp/tmp_724nr7_']
[2026-04-28T05:36:16.371+0000] {standard_task_runner.py:88} INFO - Job 3: Subtask preprocessing
[2026-04-28T05:36:16.417+0000] {task_command.py:423} INFO - Running <TaskInstance: energy_pipeline.preprocessing scheduled__2026-04-27T00:00:00+00:00 [running]> on host 6f79091f056a
[2026-04-28T05:36:16.488+0000] {taskinstance.py:2480} INFO - Exporting env vars: AIRFLOW_CTX_DAG_OWNER='airflow' AIRFLOW_CTX_DAG_ID='energy_pipeline' AIRFLOW_CTX_TASK_ID='preprocessing' AIRFLOW_CTX_EXECUTION_DATE='2026-04-27T00:00:00+00:00' AIRFLOW_CTX_TRY_NUMBER='1' AIRFLOW_CTX_DAG_RUN_ID='scheduled__2026-04-27T00:00:00+00:00'
[2026-04-28T05:36:16.489+0000] {pipeline_dag.py:27} INFO - Starting preprocessing...
[2026-04-28T05:36:44.723+0000] {python.py:201} INFO - Done. Returned value was: None
[2026-04-28T05:36:44.730+0000] {taskinstance.py:1138} INFO - Marking task as SUCCESS. dag_id=energy_pipeline, task_id=preprocessing, execution_date=20260427T000000, start_date=20260428T053616, end_date=20260428T053644
[2026-04-28T05:36:44.745+0000] {local_task_job_runner.py:234} INFO - Task exited with return code 0
[2026-04-28T05:36:44.761+0000] {taskinstance.py:3280} INFO - 1 downstream tasks scheduled from follow-on schedule check
[2026-04-28T05:44:44.440+0000] {taskinstance.py:1956} INFO - Dependencies all met for dep_context=non-requeueable deps ti=<TaskInstance: energy_pipeline.preprocessing scheduled__2026-04-27T00:00:00+00:00 [queued]>
[2026-04-28T05:44:44.449+0000] {taskinstance.py:1956} INFO - Dependencies all met for dep_context=requeueable deps ti=<TaskInstance: energy_pipeline.preprocessing scheduled__2026-04-27T00:00:00+00:00 [queued]>
[2026-04-28T05:44:44.450+0000] {taskinstance.py:2170} INFO - Starting attempt 1 of 3
[2026-04-28T05:44:44.471+0000] {taskinstance.py:2191} INFO - Executing <Task(PythonOperator): preprocessing> on 2026-04-27 00:00:00+00:00
[2026-04-28T05:44:44.477+0000] {standard_task_runner.py:60} INFO - Started process 158 to run task
[2026-04-28T05:44:44.484+0000] {standard_task_runner.py:87} INFO - Running: ['airflow', 'tasks', 'run', 'energy_pipeline', 'preprocessing', 'scheduled__2026-04-27T00:00:00+00:00', '--job-id', '4', '--raw', '--subdir', 'DAGS_FOLDER/pipeline_dag.py', '--cfg-path', '/tmp/tmpytl0t2bm']
[2026-04-28T05:44:44.487+0000] {standard_task_runner.py:88} INFO - Job 4: Subtask preprocessing
[2026-04-28T05:44:44.614+0000] {task_command.py:423} INFO - Running <TaskInstance: energy_pipeline.preprocessing scheduled__2026-04-27T00:00:00+00:00 [running]> on host 033d1c5c127a
[2026-04-28T05:44:45.039+0000] {taskinstance.py:2480} INFO - Exporting env vars: AIRFLOW_CTX_DAG_OWNER='airflow' AIRFLOW_CTX_DAG_ID='energy_pipeline' AIRFLOW_CTX_TASK_ID='preprocessing' AIRFLOW_CTX_EXECUTION_DATE='2026-04-27T00:00:00+00:00' AIRFLOW_CTX_TRY_NUMBER='1' AIRFLOW_CTX_DAG_RUN_ID='scheduled__2026-04-27T00:00:00+00:00'
[2026-04-28T05:44:45.049+0000] {pipeline_dag.py:27} INFO - Starting preprocessing...
[2026-04-28T05:45:35.295+0000] {python.py:201} INFO - Done. Returned value was: None
[2026-04-28T05:45:35.308+0000] {taskinstance.py:1138} INFO - Marking task as SUCCESS. dag_id=energy_pipeline, task_id=preprocessing, execution_date=20260427T000000, start_date=20260428T054444, end_date=20260428T054535
[2026-04-28T05:45:35.332+0000] {local_task_job_runner.py:234} INFO - Task exited with return code 0
[2026-04-28T05:45:35.360+0000] {taskinstance.py:3280} INFO - 1 downstream tasks scheduled from follow-on schedule check
[2026-04-28T06:04:24.013+0000] {taskinstance.py:1956} INFO - Dependencies all met for dep_context=non-requeueable deps ti=<TaskInstance: energy_pipeline.preprocessing scheduled__2026-04-27T00:00:00+00:00 [queued]>
[2026-04-28T06:04:24.048+0000] {taskinstance.py:1956} INFO - Dependencies all met for dep_context=requeueable deps ti=<TaskInstance: energy_pipeline.preprocessing scheduled__2026-04-27T00:00:00+00:00 [queued]>
[2026-04-28T06:04:24.060+0000] {taskinstance.py:2170} INFO - Starting attempt 1 of 3
[2026-04-28T06:04:24.095+0000] {taskinstance.py:2191} INFO - Executing <Task(PythonOperator): preprocessing> on 2026-04-27 00:00:00+00:00
[2026-04-28T06:04:24.104+0000] {standard_task_runner.py:60} INFO - Started process 176 to run task
[2026-04-28T06:04:24.109+0000] {standard_task_runner.py:87} INFO - Running: ['airflow', 'tasks', 'run', 'energy_pipeline', 'preprocessing', 'scheduled__2026-04-27T00:00:00+00:00', '--job-id', '20', '--raw', '--subdir', 'DAGS_FOLDER/pipeline_dag.py', '--cfg-path', '/tmp/tmp74j57euw']
[2026-04-28T06:04:24.113+0000] {standard_task_runner.py:88} INFO - Job 20: Subtask preprocessing
[2026-04-28T06:04:24.193+0000] {task_command.py:423} INFO - Running <TaskInstance: energy_pipeline.preprocessing scheduled__2026-04-27T00:00:00+00:00 [running]> on host 395a100ec216
[2026-04-28T06:04:24.315+0000] {taskinstance.py:2480} INFO - Exporting env vars: AIRFLOW_CTX_DAG_OWNER='airflow' AIRFLOW_CTX_DAG_ID='energy_pipeline' AIRFLOW_CTX_TASK_ID='preprocessing' AIRFLOW_CTX_EXECUTION_DATE='2026-04-27T00:00:00+00:00' AIRFLOW_CTX_TRY_NUMBER='1' AIRFLOW_CTX_DAG_RUN_ID='scheduled__2026-04-27T00:00:00+00:00'
[2026-04-28T06:04:24.317+0000] {pipeline_dag.py:27} INFO - Starting preprocessing...
[2026-04-28T06:04:40.181+0000] {local_task_job_runner.py:121} ERROR - Received SIGTERM. Terminating subprocesses
[2026-04-28T06:04:40.189+0000] {process_utils.py:131} INFO - Sending 15 to group 176. PIDs of all processes in the group: [177, 176]
[2026-04-28T06:04:40.190+0000] {process_utils.py:86} INFO - Sending the signal 15 to group 176
[2026-04-28T06:04:40.194+0000] {taskinstance.py:2450} ERROR - Received SIGTERM. Terminating subprocesses.
[2026-04-28T06:04:40.319+0000] {local_task_job_runner.py:121} ERROR - Received SIGTERM. Terminating subprocesses
[2026-04-28T06:04:40.328+0000] {process_utils.py:131} INFO - Sending 15 to group 176. PIDs of all processes in the group: [176]
