[2026-04-28T02:51:01.457+0000] {taskinstance.py:1956} INFO - Dependencies all met for dep_context=non-requeueable deps ti=<TaskInstance: energy_pipeline.preprocessing manual__2026-04-28T02:50:40.554358+00:00 [queued]>
[2026-04-28T02:51:01.463+0000] {taskinstance.py:1956} INFO - Dependencies all met for dep_context=requeueable deps ti=<TaskInstance: energy_pipeline.preprocessing manual__2026-04-28T02:50:40.554358+00:00 [queued]>
[2026-04-28T02:51:01.464+0000] {taskinstance.py:2170} INFO - Starting attempt 1 of 1
[2026-04-28T02:51:01.474+0000] {taskinstance.py:2191} INFO - Executing <Task(BashOperator): preprocessing> on 2026-04-28 02:50:40.554358+00:00
[2026-04-28T02:51:01.479+0000] {standard_task_runner.py:60} INFO - Started process 441 to run task
[2026-04-28T02:51:01.482+0000] {standard_task_runner.py:87} INFO - Running: ['airflow', 'tasks', 'run', 'energy_pipeline', 'preprocessing', 'manual__2026-04-28T02:50:40.554358+00:00', '--job-id', '12', '--raw', '--subdir', 'DAGS_FOLDER/pipeline_dag.py', '--cfg-path', '/tmp/tmp9xqa1_2z']
[2026-04-28T02:51:01.485+0000] {standard_task_runner.py:88} INFO - Job 12: Subtask preprocessing
[2026-04-28T02:51:01.519+0000] {task_command.py:423} INFO - Running <TaskInstance: energy_pipeline.preprocessing manual__2026-04-28T02:50:40.554358+00:00 [running]> on host e2a4d77dd15e
[2026-04-28T02:51:01.568+0000] {taskinstance.py:2480} INFO - Exporting env vars: AIRFLOW_CTX_DAG_OWNER='airflow' AIRFLOW_CTX_DAG_ID='energy_pipeline' AIRFLOW_CTX_TASK_ID='preprocessing' AIRFLOW_CTX_EXECUTION_DATE='2026-04-28T02:50:40.554358+00:00' AIRFLOW_CTX_TRY_NUMBER='1' AIRFLOW_CTX_DAG_RUN_ID='manual__2026-04-28T02:50:40.554358+00:00'
[2026-04-28T02:51:01.569+0000] {subprocess.py:63} INFO - Tmp dir root location: /tmp
[2026-04-28T02:51:01.570+0000] {subprocess.py:75} INFO - Running command: ['/usr/bin/bash', '-c', 'python /opt/airflow/src/preprocessing.py']
[2026-04-28T02:51:01.579+0000] {subprocess.py:86} INFO - Output:
[2026-04-28T02:51:02.176+0000] {subprocess.py:93} INFO - 2026-04-28 02:51:02,176 - INFO - Loading data...
[2026-04-28T02:51:05.163+0000] {subprocess.py:93} INFO - 2026-04-28 02:51:05,161 - INFO - Initial shape: (2075259, 9)
[2026-04-28T02:51:16.752+0000] {subprocess.py:93} INFO - 2026-04-28 02:51:16,752 - INFO - Final shape after cleaning: (2075259, 7)
[2026-04-28T02:51:31.348+0000] {subprocess.py:93} INFO - 2026-04-28 02:51:31,348 - INFO - Saved cleaned data to /opt/airflow/data/processed/clean.csv
[2026-04-28T02:51:31.419+0000] {subprocess.py:97} INFO - Command exited with return code 0
[2026-04-28T02:51:31.436+0000] {taskinstance.py:1138} INFO - Marking task as SUCCESS. dag_id=energy_pipeline, task_id=preprocessing, execution_date=20260428T025040, start_date=20260428T025101, end_date=20260428T025131
[2026-04-28T02:51:31.450+0000] {local_task_job_runner.py:234} INFO - Task exited with return code 0
[2026-04-28T02:51:31.467+0000] {taskinstance.py:3280} INFO - 1 downstream tasks scheduled from follow-on schedule check
