[2026-04-27T19:54:02.851+0000] {taskinstance.py:1956} INFO - Dependencies all met for dep_context=non-requeueable deps ti=<TaskInstance: energy_pipeline.ingestion scheduled__2026-04-26T00:00:00+00:00 [queued]>
[2026-04-27T19:54:02.860+0000] {taskinstance.py:1956} INFO - Dependencies all met for dep_context=requeueable deps ti=<TaskInstance: energy_pipeline.ingestion scheduled__2026-04-26T00:00:00+00:00 [queued]>
[2026-04-27T19:54:02.860+0000] {taskinstance.py:2170} INFO - Starting attempt 1 of 1
[2026-04-27T19:54:02.880+0000] {taskinstance.py:2191} INFO - Executing <Task(BashOperator): ingestion> on 2026-04-26 00:00:00+00:00
[2026-04-27T19:54:02.889+0000] {standard_task_runner.py:60} INFO - Started process 135 to run task
[2026-04-27T19:54:02.895+0000] {standard_task_runner.py:87} INFO - Running: ['airflow', 'tasks', 'run', 'energy_pipeline', 'ingestion', 'scheduled__2026-04-26T00:00:00+00:00', '--job-id', '3', '--raw', '--subdir', 'DAGS_FOLDER/pipeline_dag.py', '--cfg-path', '/tmp/tmpb6tldha0']
[2026-04-27T19:54:02.898+0000] {standard_task_runner.py:88} INFO - Job 3: Subtask ingestion
[2026-04-27T19:54:02.965+0000] {task_command.py:423} INFO - Running <TaskInstance: energy_pipeline.ingestion scheduled__2026-04-26T00:00:00+00:00 [running]> on host ea204e36ad5e
[2026-04-27T19:54:03.046+0000] {taskinstance.py:2480} INFO - Exporting env vars: AIRFLOW_CTX_DAG_OWNER='airflow' AIRFLOW_CTX_DAG_ID='energy_pipeline' AIRFLOW_CTX_TASK_ID='ingestion' AIRFLOW_CTX_EXECUTION_DATE='2026-04-26T00:00:00+00:00' AIRFLOW_CTX_TRY_NUMBER='1' AIRFLOW_CTX_DAG_RUN_ID='scheduled__2026-04-26T00:00:00+00:00'
[2026-04-27T19:54:03.048+0000] {subprocess.py:63} INFO - Tmp dir root location: /tmp
[2026-04-27T19:54:03.050+0000] {subprocess.py:75} INFO - Running command: ['/usr/bin/bash', '-c', '/Users/gvsiddarth/Downloads/mlops-e2e-project/venv/bin/python /Users/gvsiddarth/Downloads/mlops-e2e-project/src/ingestion.py']
[2026-04-27T19:54:03.064+0000] {subprocess.py:86} INFO - Output:
[2026-04-27T19:54:03.069+0000] {subprocess.py:93} INFO - /usr/bin/bash: line 1: /Users/gvsiddarth/Downloads/mlops-e2e-project/venv/bin/python: No such file or directory
[2026-04-27T19:54:03.070+0000] {subprocess.py:97} INFO - Command exited with return code 127
[2026-04-27T19:54:03.082+0000] {taskinstance.py:2698} ERROR - Task failed with exception
Traceback (most recent call last):
  File "/home/airflow/.local/lib/python3.11/site-packages/airflow/models/taskinstance.py", line 433, in _execute_task
    result = execute_callable(context=context, **execute_callable_kwargs)
             ^^^^^^^^^^^^^^^^^^^^^^^^^^^^^^^^^^^^^^^^^^^^^^^^^^^^^^^^^^^^
  File "/home/airflow/.local/lib/python3.11/site-packages/airflow/operators/bash.py", line 212, in execute
    raise AirflowException(
airflow.exceptions.AirflowException: Bash command failed. The command returned a non-zero exit code 127.
[2026-04-27T19:54:03.089+0000] {taskinstance.py:1138} INFO - Marking task as FAILED. dag_id=energy_pipeline, task_id=ingestion, execution_date=20260426T000000, start_date=20260427T195402, end_date=20260427T195403
[2026-04-27T19:54:03.108+0000] {standard_task_runner.py:107} ERROR - Failed to execute job 3 for task ingestion (Bash command failed. The command returned a non-zero exit code 127.; 135)
[2026-04-27T19:54:03.116+0000] {local_task_job_runner.py:234} INFO - Task exited with return code 1
[2026-04-27T19:54:03.145+0000] {taskinstance.py:3280} INFO - 0 downstream tasks scheduled from follow-on schedule check
[2026-04-27T19:59:19.330+0000] {taskinstance.py:1956} INFO - Dependencies all met for dep_context=non-requeueable deps ti=<TaskInstance: energy_pipeline.ingestion scheduled__2026-04-26T00:00:00+00:00 [queued]>
[2026-04-27T19:59:19.348+0000] {taskinstance.py:1956} INFO - Dependencies all met for dep_context=requeueable deps ti=<TaskInstance: energy_pipeline.ingestion scheduled__2026-04-26T00:00:00+00:00 [queued]>
[2026-04-27T19:59:19.350+0000] {taskinstance.py:2170} INFO - Starting attempt 1 of 1
[2026-04-27T19:59:19.383+0000] {taskinstance.py:2191} INFO - Executing <Task(BashOperator): ingestion> on 2026-04-26 00:00:00+00:00
[2026-04-27T19:59:19.395+0000] {standard_task_runner.py:60} INFO - Started process 100 to run task
[2026-04-27T19:59:19.401+0000] {standard_task_runner.py:87} INFO - Running: ['airflow', 'tasks', 'run', 'energy_pipeline', 'ingestion', 'scheduled__2026-04-26T00:00:00+00:00', '--job-id', '3', '--raw', '--subdir', 'DAGS_FOLDER/pipeline_dag.py', '--cfg-path', '/tmp/tmpjzw8f033']
[2026-04-27T19:59:19.405+0000] {standard_task_runner.py:88} INFO - Job 3: Subtask ingestion
[2026-04-27T19:59:19.507+0000] {task_command.py:423} INFO - Running <TaskInstance: energy_pipeline.ingestion scheduled__2026-04-26T00:00:00+00:00 [running]> on host e2a4d77dd15e
[2026-04-27T19:59:19.646+0000] {taskinstance.py:2480} INFO - Exporting env vars: AIRFLOW_CTX_DAG_OWNER='airflow' AIRFLOW_CTX_DAG_ID='energy_pipeline' AIRFLOW_CTX_TASK_ID='ingestion' AIRFLOW_CTX_EXECUTION_DATE='2026-04-26T00:00:00+00:00' AIRFLOW_CTX_TRY_NUMBER='1' AIRFLOW_CTX_DAG_RUN_ID='scheduled__2026-04-26T00:00:00+00:00'
[2026-04-27T19:59:19.648+0000] {subprocess.py:63} INFO - Tmp dir root location: /tmp
[2026-04-27T19:59:19.650+0000] {subprocess.py:75} INFO - Running command: ['/usr/bin/bash', '-c', 'python /opt/airflow/src/ingestion.py']
[2026-04-27T19:59:19.664+0000] {subprocess.py:86} INFO - Output:
[2026-04-27T19:59:20.662+0000] {subprocess.py:93} INFO - Traceback (most recent call last):
[2026-04-27T19:59:20.663+0000] {subprocess.py:93} INFO -   File "/opt/airflow/src/ingestion.py", line 13, in <module>
[2026-04-27T19:59:20.663+0000] {subprocess.py:93} INFO -     df = load_data("data/raw/household_power_consumption.txt")
[2026-04-27T19:59:20.664+0000] {subprocess.py:93} INFO -          ^^^^^^^^^^^^^^^^^^^^^^^^^^^^^^^^^^^^^^^^^^^^^^^^^^^^^
[2026-04-27T19:59:20.665+0000] {subprocess.py:93} INFO -   File "/opt/airflow/src/ingestion.py", line 9, in load_data
[2026-04-27T19:59:20.665+0000] {subprocess.py:93} INFO -     df = pd.read_csv(path, sep=';', low_memory=False)
[2026-04-27T19:59:20.666+0000] {subprocess.py:93} INFO -          ^^^^^^^^^^^^^^^^^^^^^^^^^^^^^^^^^^^^^^^^^^^^
[2026-04-27T19:59:20.666+0000] {subprocess.py:93} INFO -   File "/home/airflow/.local/lib/python3.11/site-packages/pandas/io/parsers/readers.py", line 1026, in read_csv
[2026-04-27T19:59:20.667+0000] {subprocess.py:93} INFO -     return _read(filepath_or_buffer, kwds)
[2026-04-27T19:59:20.667+0000] {subprocess.py:93} INFO -            ^^^^^^^^^^^^^^^^^^^^^^^^^^^^^^^
[2026-04-27T19:59:20.668+0000] {subprocess.py:93} INFO -   File "/home/airflow/.local/lib/python3.11/site-packages/pandas/io/parsers/readers.py", line 620, in _read
[2026-04-27T19:59:20.668+0000] {subprocess.py:93} INFO -     parser = TextFileReader(filepath_or_buffer, **kwds)
[2026-04-27T19:59:20.668+0000] {subprocess.py:93} INFO -              ^^^^^^^^^^^^^^^^^^^^^^^^^^^^^^^^^^^^^^^^^^
[2026-04-27T19:59:20.669+0000] {subprocess.py:93} INFO -   File "/home/airflow/.local/lib/python3.11/site-packages/pandas/io/parsers/readers.py", line 1620, in __init__
[2026-04-27T19:59:20.669+0000] {subprocess.py:93} INFO -     self._engine = self._make_engine(f, self.engine)
[2026-04-27T19:59:20.670+0000] {subprocess.py:93} INFO -                    ^^^^^^^^^^^^^^^^^^^^^^^^^^^^^^^^^
[2026-04-27T19:59:20.670+0000] {subprocess.py:93} INFO -   File "/home/airflow/.local/lib/python3.11/site-packages/pandas/io/parsers/readers.py", line 1880, in _make_engine
[2026-04-27T19:59:20.671+0000] {subprocess.py:93} INFO -     self.handles = get_handle(
[2026-04-27T19:59:20.671+0000] {subprocess.py:93} INFO -                    ^^^^^^^^^^^
[2026-04-27T19:59:20.672+0000] {subprocess.py:93} INFO -   File "/home/airflow/.local/lib/python3.11/site-packages/pandas/io/common.py", line 873, in get_handle
[2026-04-27T19:59:20.672+0000] {subprocess.py:93} INFO -     handle = open(
[2026-04-27T19:59:20.673+0000] {subprocess.py:93} INFO -              ^^^^^
[2026-04-27T19:59:20.673+0000] {subprocess.py:93} INFO - FileNotFoundError: [Errno 2] No such file or directory: 'data/raw/household_power_consumption.txt'
[2026-04-27T19:59:20.781+0000] {subprocess.py:97} INFO - Command exited with return code 1
[2026-04-27T19:59:20.791+0000] {taskinstance.py:2698} ERROR - Task failed with exception
Traceback (most recent call last):
  File "/home/airflow/.local/lib/python3.11/site-packages/airflow/models/taskinstance.py", line 433, in _execute_task
    result = execute_callable(context=context, **execute_callable_kwargs)
             ^^^^^^^^^^^^^^^^^^^^^^^^^^^^^^^^^^^^^^^^^^^^^^^^^^^^^^^^^^^^
  File "/home/airflow/.local/lib/python3.11/site-packages/airflow/operators/bash.py", line 212, in execute
    raise AirflowException(
airflow.exceptions.AirflowException: Bash command failed. The command returned a non-zero exit code 1.
[2026-04-27T19:59:20.796+0000] {taskinstance.py:1138} INFO - Marking task as FAILED. dag_id=energy_pipeline, task_id=ingestion, execution_date=20260426T000000, start_date=20260427T195919, end_date=20260427T195920
[2026-04-27T19:59:20.811+0000] {standard_task_runner.py:107} ERROR - Failed to execute job 3 for task ingestion (Bash command failed. The command returned a non-zero exit code 1.; 100)
[2026-04-27T19:59:20.821+0000] {local_task_job_runner.py:234} INFO - Task exited with return code 1
[2026-04-27T19:59:20.855+0000] {taskinstance.py:3280} INFO - 0 downstream tasks scheduled from follow-on schedule check
