[2026-04-28T02:53:58.934+0000] {taskinstance.py:1956} INFO - Dependencies all met for dep_context=non-requeueable deps ti=<TaskInstance: energy_pipeline.training manual__2026-04-28T02:52:58.632782+00:00 [queued]>
[2026-04-28T02:53:58.940+0000] {taskinstance.py:1956} INFO - Dependencies all met for dep_context=requeueable deps ti=<TaskInstance: energy_pipeline.training manual__2026-04-28T02:52:58.632782+00:00 [queued]>
[2026-04-28T02:53:58.941+0000] {taskinstance.py:2170} INFO - Starting attempt 1 of 1
[2026-04-28T02:53:58.953+0000] {taskinstance.py:2191} INFO - Executing <Task(BashOperator): training> on 2026-04-28 02:52:58.632782+00:00
[2026-04-28T02:53:58.962+0000] {standard_task_runner.py:60} INFO - Started process 621 to run task
[2026-04-28T02:53:58.965+0000] {standard_task_runner.py:87} INFO - Running: ['airflow', 'tasks', 'run', 'energy_pipeline', 'training', 'manual__2026-04-28T02:52:58.632782+00:00', '--job-id', '17', '--raw', '--subdir', 'DAGS_FOLDER/pipeline_dag.py', '--cfg-path', '/tmp/tmpk7z92piy']
[2026-04-28T02:53:58.968+0000] {standard_task_runner.py:88} INFO - Job 17: Subtask training
[2026-04-28T02:53:59.007+0000] {task_command.py:423} INFO - Running <TaskInstance: energy_pipeline.training manual__2026-04-28T02:52:58.632782+00:00 [running]> on host e2a4d77dd15e
[2026-04-28T02:53:59.069+0000] {taskinstance.py:2480} INFO - Exporting env vars: AIRFLOW_CTX_DAG_OWNER='airflow' AIRFLOW_CTX_DAG_ID='energy_pipeline' AIRFLOW_CTX_TASK_ID='training' AIRFLOW_CTX_EXECUTION_DATE='2026-04-28T02:52:58.632782+00:00' AIRFLOW_CTX_TRY_NUMBER='1' AIRFLOW_CTX_DAG_RUN_ID='manual__2026-04-28T02:52:58.632782+00:00'
[2026-04-28T02:53:59.070+0000] {subprocess.py:63} INFO - Tmp dir root location: /tmp
[2026-04-28T02:53:59.071+0000] {subprocess.py:75} INFO - Running command: ['/usr/bin/bash', '-c', 'python /opt/airflow/src/train.py']
[2026-04-28T02:53:59.082+0000] {subprocess.py:86} INFO - Output:
[2026-04-28T02:54:00.885+0000] {subprocess.py:93} INFO - Traceback (most recent call last):
[2026-04-28T02:54:00.885+0000] {subprocess.py:93} INFO -   File "/opt/airflow/src/train.py", line 6, in <module>
[2026-04-28T02:54:00.886+0000] {subprocess.py:93} INFO -     import mlflow
[2026-04-28T02:54:00.886+0000] {subprocess.py:93} INFO - ModuleNotFoundError: No module named 'mlflow'
[2026-04-28T02:54:01.034+0000] {subprocess.py:97} INFO - Command exited with return code 1
[2026-04-28T02:54:01.041+0000] {taskinstance.py:2698} ERROR - Task failed with exception
Traceback (most recent call last):
  File "/home/airflow/.local/lib/python3.11/site-packages/airflow/models/taskinstance.py", line 433, in _execute_task
    result = execute_callable(context=context, **execute_callable_kwargs)
             ^^^^^^^^^^^^^^^^^^^^^^^^^^^^^^^^^^^^^^^^^^^^^^^^^^^^^^^^^^^^
  File "/home/airflow/.local/lib/python3.11/site-packages/airflow/operators/bash.py", line 212, in execute
    raise AirflowException(
airflow.exceptions.AirflowException: Bash command failed. The command returned a non-zero exit code 1.
[2026-04-28T02:54:01.045+0000] {taskinstance.py:1138} INFO - Marking task as FAILED. dag_id=energy_pipeline, task_id=training, execution_date=20260428T025258, start_date=20260428T025358, end_date=20260428T025401
[2026-04-28T02:54:01.055+0000] {standard_task_runner.py:107} ERROR - Failed to execute job 17 for task training (Bash command failed. The command returned a non-zero exit code 1.; 621)
[2026-04-28T02:54:01.062+0000] {local_task_job_runner.py:234} INFO - Task exited with return code 1
[2026-04-28T02:54:01.077+0000] {taskinstance.py:3280} INFO - 0 downstream tasks scheduled from follow-on schedule check
